Microchip Technology Inc, v1.25 (A)

Tool Name:
  /opt/microchip/xc16/v1.25/bin/bin/../bin/elf-ld

Command:
  -p24FJ128GB202 \
  -o \
  dist/default/production/EthernetENC28J60.X.production.elf \
  -L/opt/microchip/xc16/v1.25/bin/bin/.. \
  -L/opt/microchip/xc16/v1.25/bin/bin/../../lib \
  -L/opt/microchip/xc16/v1.25/bin/bin/../../support/PIC24E/gld \
  -L/opt/microchip/xc16/v1.25/bin/bin/../../support/PIC24F/gld \
  -L/opt/microchip/xc16/v1.25/bin/bin/../../support/PIC24H/gld \
  -L/opt/microchip/xc16/v1.25/bin/bin/../../support/dsPIC30F/gld \
  -L/opt/microchip/xc16/v1.25/bin/bin/../../support/dsPIC33E/gld \
  -L/opt/microchip/xc16/v1.25/bin/bin/../../support/dsPIC33F/gld \
  build/default/production/tcpip/src/arp.o \
  build/default/production/tcpip/src/common/delay.o \
  build/default/production/ENC28J60.o \
  build/default/production/tcpip/src/common/helpers.o \
  build/default/production/tcpip/src/icmp.o \
  build/default/production/tcpip/src/ip.o \
  build/default/production/tcpip/src/common/stack_task.o \
  build/default/production/tcpip/src/common/tick.o \
  build/default/production/tcpip/src/udp.o \
  build/default/production/tcpip/src/tcp.o \
  build/default/production/tcpip/src/dhcp_client.o \
  build/default/production/tcpip/src/telnet.o \
  build/default/production/usb_descriptors.o \
  build/default/production/usb/src/usb_device.o \
  build/default/production/usb/src/usb_device_generic.o \
  build/default/production/usb_fonctions.o \
  build/default/production/EthernetENCJ28J60.o \
  build/default/production/mcc_generated_files/pin_manager.o \
  build/default/production/tcpEtower.o \
  build/default/production/irtx.o \
  build/default/production/irrx.o \
  build/default/production/terminal.o \
  build/default/production/ir.o \
  --local-stack \
  --defsym=__MPLAB_BUILD=1 \
  -Tp24FJ128GB202.gld.00 \
  --stack=16 \
  --check-sections \
  --data-init \
  --pack-data \
  --handles \
  --isr \
  --no-gc-sections \
  --fill-upper=0 \
  --stackguard=16 \
  --no-force-link \
  --smart-io \
  -Map=dist/default/production/EthernetENC28J60.X.production.map \
  --report-mem \
  --memorysummary \
  dist/default/production/memoryfile.xml \
  -start-group \
  --library=pic30-elf \
  --library=m-elf \
  --library=c-elf \
  -end-group \


Optional library libpPIC24Fxxx.a not found
Archive member included because of file (symbol)

/opt/microchip/xc16/v1.25/bin/bin/../../lib/libpic30-elf.a(crt0_extended.o)
                              (__resetPRI)
/opt/microchip/xc16/v1.25/bin/bin/../../lib/libpic30-elf.a(data_init_extended.o)
                              /opt/microchip/xc16/v1.25/bin/bin/../../lib/libpic30-elf.a(crt0_extended.o) (__data_init_extended)
/opt/microchip/xc16/v1.25/bin/bin/../../lib/libm-elf.a(divmoddi3.eo)
                              build/default/production/tcpip/src/common/tick.o (___udivdi3)
/opt/microchip/xc16/v1.25/bin/bin/../../lib/libc-elf.a(memcpy.eo)
                              build/default/production/tcpip/src/arp.o (_memcpy)
/opt/microchip/xc16/v1.25/bin/bin/../../lib/libc-elf.a(memset.eo)
                              build/default/production/tcpip/src/udp.o (_memset)
/opt/microchip/xc16/v1.25/bin/bin/../../lib/libc-elf.a(printf.eo)
                              build/default/production/irrx.o (_printf)
/opt/microchip/xc16/v1.25/bin/bin/../../lib/libc-elf.a(puts.eo)
                              build/default/production/EthernetENCJ28J60.o (_puts)
/opt/microchip/xc16/v1.25/bin/bin/../../lib/libc-elf.a(strcat.eo)
                              build/default/production/irrx.o (_strcat)
/opt/microchip/xc16/v1.25/bin/bin/../../lib/libc-elf.a(strchr.eo)
                              build/default/production/terminal.o (_strchr)
/opt/microchip/xc16/v1.25/bin/bin/../../lib/libc-elf.a(strcmp.eo)
                              build/default/production/terminal.o (_strcmp)
/opt/microchip/xc16/v1.25/bin/bin/../../lib/libc-elf.a(strlen.eo)
                              build/default/production/tcpip/src/common/helpers.o (_strlen)
/opt/microchip/xc16/v1.25/bin/bin/../../lib/libc-elf.a(strncpy.eo)
                              build/default/production/tcpip/src/common/helpers.o (_strncpy)
/opt/microchip/xc16/v1.25/bin/bin/../../lib/libc-elf.a(_iob.eo)
                              /opt/microchip/xc16/v1.25/bin/bin/../../lib/libc-elf.a(printf.eo) (__iob)
/opt/microchip/xc16/v1.25/bin/bin/../../lib/libc-elf.a(sprintf_cdnopuxX.XXeo)
                              build/default/production/irrx.o (__sprintf_cdnopuxX)
/opt/microchip/xc16/v1.25/bin/bin/../../lib/libc-elf.a(sscanf_cdnopuxX.XXeo)
                              build/default/production/terminal.o (__sscanf_cdnopuxX)
/opt/microchip/xc16/v1.25/bin/bin/../../lib/libc-elf.a(doscan_cdnopuxX.XXeo)
                              /opt/microchip/xc16/v1.25/bin/bin/../../lib/libc-elf.a(sscanf_cdnopuxX.XXeo) (__vfscanf_cdnopuxX)
/opt/microchip/xc16/v1.25/bin/bin/../../lib/libc-elf.a(doprnt_cdnopuxX.XXeo)
[...]
Memory Configuration

Name             Origin             Length             Attributes
data             0x001000           0x001800           a !xr
reset            0x004000           0x000004  
ivt              0x004004           0x0000fc  
_reserved        0x004100           0x000004  
aivt             0x004104           0x0000fc  
program          0x004200           0x0111f8           xr
CONFIG4          0x0157f8           0x000002  
CONFIG3          0x0157fa           0x000002  
CONFIG2          0x0157fc           0x000002  
CONFIG1          0x0157fe           0x000002  
*default*        0x000000           0xffffffff  

Linker script and memory map

LOAD build/default/production/tcpip/src/arp.o
LOAD build/default/production/tcpip/src/common/delay.o
LOAD build/default/production/ENC28J60.o
LOAD build/default/production/tcpip/src/common/helpers.o
LOAD build/default/production/tcpip/src/icmp.o
LOAD build/default/production/tcpip/src/ip.o
LOAD build/default/production/tcpip/src/common/stack_task.o
LOAD build/default/production/tcpip/src/common/tick.o
LOAD build/default/production/tcpip/src/udp.o
LOAD build/default/production/tcpip/src/tcp.o
LOAD build/default/production/tcpip/src/dhcp_client.o
LOAD build/default/production/tcpip/src/telnet.o
LOAD build/default/production/usb_descriptors.o
LOAD build/default/production/usb/src/usb_device.o
LOAD build/default/production/usb/src/usb_device_generic.o
LOAD build/default/production/usb_fonctions.o
LOAD build/default/production/EthernetENCJ28J60.o
LOAD build/default/production/mcc_generated_files/pin_manager.o
LOAD build/default/production/tcpEtower.o
LOAD build/default/production/irtx.o
LOAD build/default/production/irrx.o
LOAD build/default/production/terminal.o
LOAD build/default/production/ir.o
                    0x0001                  __MPLAB_BUILD = 0x1
LOAD pPIC24Fxxx
LOAD /opt/microchip/xc16/v1.25/bin/bin/../../lib/libfx-elf.a
                    0x157f8                  __CONFIG4 = 0x157f8
                    0x157fa                  __CONFIG3 = 0x157fa
                    0x157fc                  __CONFIG2 = 0x157fc
                    0x157fe                  __CONFIG1 = 0x157fe
                    0x4200                  __CODE_BASE = 0x4200
                    0x111f8                  __CODE_LENGTH = 0x111f8
                    0x4004                  __IVT_BASE = 0x4004
                    0x4104                  __AIVT_BASE = 0x4104
                    0x1000                  __DATA_BASE = 0x1000
                    0x1800                  __DATA_LENGTH = 0x1800

.reset            0x004000          0x4
                  0x004000          0x2 SHORT 0x4200 ABSOLUTE (__reset)
                  0x004001          0x2 SHORT 0x4
                  0x004002          0x2 SHORT 0x0 ((ABSOLUTE (__reset) >> 0x10) & 0x7f)
                  0x004003          0x2 SHORT 0x0

.text             0x004200       0x3998
 *(.init)
 .init            0x004200         0x38 /opt/microchip/xc16/v1.25/bin/bin/../../lib/libpic30-elf.a(crt0_extended.o)
                  0x004200                  __reset
                  0x004200                  __resetPRI
                  0x00422c                  __psv_init
 .init            0x004238         0x9a /opt/microchip/xc16/v1.25/bin/bin/../../lib/libpic30-elf.a(data_init_extended.o)
                  0x004238                  __data_init_extended
                  0x004238                  __data_init
 *(.user_init)
 *(.handle)
 *(.isr*)
 .isr             0x0042d2          0x4 default_isr
                  0x0042d2                  __DefaultInterrupt
 *(.libc)
 .libc            0x0042d6         0x14 /opt/microchip/xc16/v1.25/bin/bin/../../lib/libc-elf.a(isalpha.eso)
                  0x0042d6                  _isalpha
 .libc            0x0042ea         0x10 /opt/microchip/xc16/v1.25/bin/bin/../../lib/libc-elf.a(isspace.eso)
                  0x0042ea                  _isspace
 .libc            0x0042fa          0xc /opt/microchip/xc16/v1.25/bin/bin/../../lib/libc-elf.a(isupper.eso)
                  0x0042fa                  _isupper
 .libc            0x004306          0xe /opt/microchip/xc16/v1.25/bin/bin/../../lib/libc-elf.a(tolower.eso)
                  0x004306                  _tolower
 .libc            0x004314         0x6c /opt/microchip/xc16/v1.25/bin/bin/../../lib/libpic30-elf.a(read.eo)
                  0x004314                  _read
 .libc            0x004380         0x5c /opt/microchip/xc16/v1.25/bin/bin/../../lib/libpic30-elf.a(write.eo)
                  0x004380                  _write
 *(.libm)
 *(.libdsp)
 *(.lib*)
 .libm.__PplusBdi
                  0x0043dc         0x26 /opt/microchip/xc16/v1.25/bin/bin/../../lib/libm-elf.a(divmoddi3.eo)
 .libm.__PminusBdi
                  0x004402         0x26 /opt/microchip/xc16/v1.25/bin/bin/../../lib/libm-elf.a(divmoddi3.eo)
 .libm.__udivmoddi3
                  0x004428         0xe6 /opt/microchip/xc16/v1.25/bin/bin/../../lib/libm-elf.a(divmoddi3.eo)
                  0x004428                  ___udivmoddi3
 .libm.__udivdi3
                  0x00450e          0xe /opt/microchip/xc16/v1.25/bin/bin/../../lib/libm-elf.a(divmoddi3.eo)
                  0x00450e                  ___udivdi3
 .libm.__umoddi3
                  0x00451c          0x8 /opt/microchip/xc16/v1.25/bin/bin/../../lib/libm-elf.a(divmoddi3.eo)
                  0x00451c                  ___umoddi3
 .libm.__divdi3
                  0x004524         0x60 /opt/microchip/xc16/v1.25/bin/bin/../../lib/libm-elf.a(divmoddi3.eo)
                  0x004524                  ___divdi3
 .libm.__moddi3
                  0x004584         0x5c /opt/microchip/xc16/v1.25/bin/bin/../../lib/libm-elf.a(divmoddi3.eo)
                  0x004584                  ___moddi3
 .libc.memcpy     0x0045e0          0xe /opt/microchip/xc16/v1.25/bin/bin/../../lib/libc-elf.a(memcpy.eo)
                  0x0045e0                  _memcpy
 .libc.memset     0x0045ee          0xe /opt/microchip/xc16/v1.25/bin/bin/../../lib/libc-elf.a(memset.eo)
                  0x0045ee                  _memset
 .libc.printf     0x0045fc          0xe /opt/microchip/xc16/v1.25/bin/bin/../../lib/libc-elf.a(printf.eo)
                  0x0045fc                  _printf
 .libc.fputs      0x00460a         0x1c /opt/microchip/xc16/v1.25/bin/bin/../../lib/libc-elf.a(puts.eo)
                  0x00460a                  _fputs
 .libc.puts       0x004626         0x14 /opt/microchip/xc16/v1.25/bin/bin/../../lib/libc-elf.a(puts.eo)
                  0x004626                  _puts
 .libc.strcat     0x00463a         0x14 /opt/microchip/xc16/v1.25/bin/bin/../../lib/libc-elf.a(strcat.eo)
                  0x00463a                  _strcat
 .libc.strchr     0x00464e         0x14 /opt/microchip/xc16/v1.25/bin/bin/../../lib/libc-elf.a(strchr.eo)
                  0x00464e                  _strchr
 .libc.strcmp     0x004662          0xe /opt/microchip/xc16/v1.25/bin/bin/../../lib/libc-elf.a(strcmp.eo)
                  0x004662                  _strcmp
 .libc.strlen     0x004670          0xc /opt/microchip/xc16/v1.25/bin/bin/../../lib/libc-elf.a(strlen.eo)
                  0x004670                  _strlen
 .libc.strncpy    0x00467c         0x22 /opt/microchip/xc16/v1.25/bin/bin/../../lib/libc-elf.a(strncpy.eo)
                  0x00467c                  _strncpy
 .libc._sprintf_cdnopuxX
                  0x00469e         0x2c /opt/microchip/xc16/v1.25/bin/bin/../../lib/libc-elf.a(sprintf_cdnopuxX.XXeo)
                  0x00469e                  __sprintf_cdnopuxX
 .libc._sscanf_cdnopuxX
                  0x0046ca         0x1c /opt/microchip/xc16/v1.25/bin/bin/../../lib/libc-elf.a(sscanf_cdnopuxX.XXeo)
                  0x0046ca                  __sscanf_cdnopuxX
 .libc.wspace     0x0046e6         0x1e /opt/microchip/xc16/v1.25/bin/bin/../../lib/libc-elf.a(doscan_cdnopuxX.XXeo)
 .libc.range      0x004704         0x46 /opt/microchip/xc16/v1.25/bin/bin/../../lib/libc-elf.a(doscan_cdnopuxX.XXeo)
 .libc._vfscanf_cdnopuxX
                  0x00474a        0x2ee /opt/microchip/xc16/v1.25/bin/bin/../../lib/libc-elf.a(doscan_cdnopuxX.XXeo)
                  0x00474a                  __vfscanf_cdnopuxX
 .libc.sputc      0x004a38         0x12 /opt/microchip/xc16/v1.25/bin/bin/../../lib/libc-elf.a(doprnt_cdnopuxX.XXeo)
 .libc._vfprintf_cdnopuxX
                  0x004a4a        0x6b4 /opt/microchip/xc16/v1.25/bin/bin/../../lib/libc-elf.a(doprnt_cdnopuxX.XXeo)
                  0x004a4a                  __vfprintf_cdnopuxX
 .libc._printf_cdnopuxX
                  0x0050fe          0xe /opt/microchip/xc16/v1.25/bin/bin/../../lib/libc-elf.a(printf_cdnopuxX.XXeo)
                  0x0050fe                  __printf_cdnopuxX
 .libc._printf_cdnopsuxX
                  0x00510c          0xe /opt/microchip/xc16/v1.25/bin/bin/../../lib/libc-elf.a(printf_cdnopsuxX.XXeo)
                  0x00510c                  __printf_cdnopsuxX
 .libc._printf_s
                  0x00511a          0xe /opt/microchip/xc16/v1.25/bin/bin/../../lib/libc-elf.a(printf_s.XXeo)
                  0x00511a                  __printf_0
                  0x00511a                  __printf_s
 .libc.atoi       0x005128         0x3e /opt/microchip/xc16/v1.25/bin/bin/../../lib/libc-elf.a(atoi.eo)
                  0x005128                  _atoi
 .libc.fround     0x005166         0xba /opt/microchip/xc16/v1.25/bin/bin/../../lib/libc-elf.a(doprnt.eo)
 .libc.scale      0x005220         0xc4 /opt/microchip/xc16/v1.25/bin/bin/../../lib/libc-elf.a(doprnt.eo)
 .libc.sputc      0x0052e4         0x12 /opt/microchip/xc16/v1.25/bin/bin/../../lib/libc-elf.a(doprnt.eo)
 .libc.vfprintf
                  0x0052f6       0x1352 /opt/microchip/xc16/v1.25/bin/bin/../../lib/libc-elf.a(doprnt.eo)
                  0x0052f6                  _vfprintf
 .libc.fgetc      0x006648         0x62 /opt/microchip/xc16/v1.25/bin/bin/../../lib/libc-elf.a(fgetc.eo)
                  0x006648                  _fgetc
 .libc._filbuf    0x0066aa         0x98 /opt/microchip/xc16/v1.25/bin/bin/../../lib/libc-elf.a(filbuf.eo)
                  0x0066aa                  __filbuf
 .libc.fputc      0x006742         0x86 /opt/microchip/xc16/v1.25/bin/bin/../../lib/libc-elf.a(fputc.eo)
                  0x006742                  _fputc
 .libc.ungetc     0x0067c8         0x3e /opt/microchip/xc16/v1.25/bin/bin/../../lib/libc-elf.a(ungetc.eo)
                  0x0067c8                  _ungetc
 .libc.sputc      0x006806         0x12 /opt/microchip/xc16/v1.25/bin/bin/../../lib/libc-elf.a(doprnt_cdnopsuxX.XXeo)
 .libc._vfprintf_cdnopsuxX
                  0x006818        0x6b4 /opt/microchip/xc16/v1.25/bin/bin/../../lib/libc-elf.a(doprnt_cdnopsuxX.XXeo)
                  0x006818                  __vfprintf_cdnopsuxX
 .libc.sputc      0x006ecc         0x12 /opt/microchip/xc16/v1.25/bin/bin/../../lib/libc-elf.a(doprnt_s.XXeo)
 .libc._vfprintf_s
                  0x006ede        0x550 /opt/microchip/xc16/v1.25/bin/bin/../../lib/libc-elf.a(doprnt_s.XXeo)
                  0x006ede                  __vfprintf_s
                  0x006ede                  __vfprintf_0
 .libc.fflush     0x00742e         0x54 /opt/microchip/xc16/v1.25/bin/bin/../../lib/libc-elf.a(fflush.eo)
                  0x00742e                  _fflush
 .libc._flsbuf    0x007482         0x7e /opt/microchip/xc16/v1.25/bin/bin/../../lib/libc-elf.a(flsbuf.eo)
                  0x007482                  __flsbuf
 .libc.doread     0x007500          0x4 /opt/microchip/xc16/v1.25/bin/bin/../../lib/libpic30-elf.a(read.eo)
 .libc.dowrite    0x007504          0x4 /opt/microchip/xc16/v1.25/bin/bin/../../lib/libpic30-elf.a(write.eo)
 .libm.adddf3     0x007508         0xfa /opt/microchip/xc16/v1.25/bin/bin/../../lib/libm-elf.a(adddf3.eo)
                  0x007508                  ___adddf3
 .libm.eqdf2      0x007602          0xa /opt/microchip/xc16/v1.25/bin/bin/../../lib/libm-elf.a(deqltle.eo)
                  0x007602                  ___ledf2
                  0x007602                  ___eqdf2
                  0x007602                  ___ltdf2
 .libm.gtdf2      0x00760c          0xa /opt/microchip/xc16/v1.25/bin/bin/../../lib/libm-elf.a(dgtge.eo)
                  0x00760c                  ___gedf2
                  0x00760c                  ___gtdf2
 .libm.divdf3     0x007616         0xb4 /opt/microchip/xc16/v1.25/bin/bin/../../lib/libm-elf.a(divdf3.eo)
                  0x007616                  ___divdf3
 .libm.nedf2      0x0076ca          0xa /opt/microchip/xc16/v1.25/bin/bin/../../lib/libm-elf.a(dne.eo)
                  0x0076ca                  ___nedf2
 .libm.dpack      0x0076d4         0x58 /opt/microchip/xc16/v1.25/bin/bin/../../lib/libm-elf.a(dpack.eo)
                  0x0076d4                  __dpack
 .libm.dunpack2
                  0x00772c         0x32 /opt/microchip/xc16/v1.25/bin/bin/../../lib/libm-elf.a(dunpack2.eo)
                  0x00772c                  __dunpack2
                  0x00774e                  __dreturnNaN
                  0x007754                  __dunpack2exit
 .libm.extendsfdf2
                  0x00775e         0x3e /opt/microchip/xc16/v1.25/bin/bin/../../lib/libm-elf.a(extendsfdf.eo)
                  0x00775e                  ___extendsfdf2
 .libm.fixunsdfdi
                  0x00779c         0x62 /opt/microchip/xc16/v1.25/bin/bin/../../lib/libm-elf.a(fixunsdfdi.eo)
                  0x00779c                  ___fixunsdfdi
 .libm.fixunsdfsi
                  0x0077fe         0x4c /opt/microchip/xc16/v1.25/bin/bin/../../lib/libm-elf.a(fixunsdfsi.eo)
                  0x0077fe                  ___fixunsdfsi
 .libm.floatundidf
                  0x00784a         0x56 /opt/microchip/xc16/v1.25/bin/bin/../../lib/libm-elf.a(floatundidf.eo)
                  0x00784a                  ___floatundidf
 .libm.floatunsidf
                  0x0078a0          0x4 /opt/microchip/xc16/v1.25/bin/bin/../../lib/libm-elf.a(floatunsidf.eo)
                  0x0078a0                  ___floatunsidf
 .libm.frexp      0x0078a4         0x3a /opt/microchip/xc16/v1.25/bin/bin/../../lib/libm-elf.a(frexp.eo)
                  0x0078a4                  _frexpl
                  0x0078a4                  _frexp
 .libm.funpack    0x0078de         0x2a /opt/microchip/xc16/v1.25/bin/bin/../../lib/libm-elf.a(funpack.eo)
                  0x0078de                  __funpack
 .libm.muldf3     0x007908         0xea /opt/microchip/xc16/v1.25/bin/bin/../../lib/libm-elf.a(muldf3.eo)
                  0x007908                  ___muldf3
 .libm.subdf3     0x0079f2          0x4 /opt/microchip/xc16/v1.25/bin/bin/../../lib/libm-elf.a(subdf3.eo)
                  0x0079f2                  ___subdf3
 .libm.udivsi3    0x0079f6         0x20 /opt/microchip/xc16/v1.25/bin/bin/../../lib/libm-elf.a(udivsi3.eo)
                  0x0079f6                  ___udivsi3
 .libm.mulsi3     0x007a16          0xc /opt/microchip/xc16/v1.25/bin/bin/../../lib/libm-elf.a(mulsi3.eo)
                  0x007a16                  ___mulp32eds3
                  0x007a16                  ___mulp32peds3
                  0x007a16                  ___mulsi3
 .libm.__muldi3
                  0x007a22         0x52 /opt/microchip/xc16/v1.25/bin/bin/../../lib/libm-elf.a(muldi3.eo)
                  0x007a22                  ___muldi3
 .libm.dcompare
                  0x007a74         0x52 /opt/microchip/xc16/v1.25/bin/bin/../../lib/libm-elf.a(dcompare.eo)
                  0x007a74                  __dcompare
 .libm.dPropagateNaN
                  0x007ac6         0x1c /opt/microchip/xc16/v1.25/bin/bin/../../lib/libm-elf.a(dpropagateNaN.eo)
                  0x007ac6                  __dPropagateNaN
 .libm.dtype      0x007ae2         0x24 /opt/microchip/xc16/v1.25/bin/bin/../../lib/libm-elf.a(dtype.eo)
                  0x007ae2                  __dtype
 .libm.dunpack    0x007b06         0x4e /opt/microchip/xc16/v1.25/bin/bin/../../lib/libm-elf.a(dunpack.eo)
                  0x007b06                  __dunpack
 .libm.umuldi3    0x007b54         0x44 /opt/microchip/xc16/v1.25/bin/bin/../../lib/libm-elf.a(umuldi3.eo)
                  0x007b54                  ___umuldi3

usercode
 *(usercode)

__CONFIG4
 *(__CONFIG4.sec*)

__CONFIG3
 *(__CONFIG3.sec*)

__CONFIG2
 *(__CONFIG2.sec*)

__CONFIG1
 *(__CONFIG1.sec*)

.comment
 *(.comment)

.debug_info       0x000000      0x18617
 *(.debug_info)
 .debug_info      0x000000        0xe0b build/default/production/tcpip/src/arp.o
 .debug_info      0x000e0b        0x1f5 build/default/production/tcpip/src/common/delay.o
 .debug_info      0x001000       0x35ba build/default/production/ENC28J60.o
 .debug_info      0x0045ba       0x1250 build/default/production/tcpip/src/common/helpers.o
 .debug_info      0x00580a        0xd3b build/default/production/tcpip/src/icmp.o
 .debug_info      0x006545        0xdc1 build/default/production/tcpip/src/ip.o
 .debug_info      0x007306        0xcda build/default/production/tcpip/src/common/stack_task.o
 .debug_info      0x007fe0        0xec4 build/default/production/tcpip/src/common/tick.o
 .debug_info      0x008ea4       0x142f build/default/production/tcpip/src/udp.o
 .debug_info      0x00a2d3       0x245d build/default/production/tcpip/src/tcp.o
 .debug_info      0x00c730       0x13b0 build/default/production/tcpip/src/dhcp_client.o
 .debug_info      0x00dae0        0x7d5 build/default/production/tcpip/src/telnet.o
 .debug_info      0x00e2b5        0x7dc build/default/production/usb_descriptors.o
 .debug_info      0x00ea91       0x280e build/default/production/usb/src/usb_device.o
 .debug_info      0x01129f        0x15f build/default/production/usb/src/usb_device_generic.o
 .debug_info      0x0113fe       0x110e build/default/production/usb_fonctions.o
 .debug_info      0x01250c       0x1284 build/default/production/EthernetENCJ28J60.o
 .debug_info      0x013790       0x1dd7 build/default/production/mcc_generated_files/pin_manager.o
 .debug_info      0x015567        0x820 build/default/production/tcpEtower.o
 .debug_info      0x015d87        0xc7c build/default/production/irtx.o
 .debug_info      0x016a03       0x1196 build/default/production/irrx.o
 .debug_info      0x017b99        0x866 build/default/production/terminal.o
 .debug_info      0x0183ff        0x218 build/default/production/ir.o
 *(.gnu.linkonce.wi.*)

.debug_abbrev     0x000000       0x2278
 *(.debug_abbrev)
 .debug_abbrev    0x000000        0x1b3 build/default/production/tcpip/src/arp.o
 .debug_abbrev    0x0001b3         0x68 build/default/production/tcpip/src/common/delay.o
 .debug_abbrev    0x00021b        0x2cb build/default/production/ENC28J60.o
 .debug_abbrev    0x0004e6        0x1bd build/default/production/tcpip/src/common/helpers.o
 .debug_abbrev    0x0006a3        0x138 build/default/production/tcpip/src/icmp.o
 .debug_abbrev    0x0007db        0x149 build/default/production/tcpip/src/ip.o
 .debug_abbrev    0x000924        0x123 build/default/production/tcpip/src/common/stack_task.o
 .debug_abbrev    0x000a47        0x1ca build/default/production/tcpip/src/common/tick.o
 .debug_abbrev    0x000c11        0x1e8 build/default/production/tcpip/src/udp.o
 .debug_abbrev    0x000df9        0x1f0 build/default/production/tcpip/src/tcp.o
 .debug_abbrev    0x000fe9        0x1b0 build/default/production/tcpip/src/dhcp_client.o
 .debug_abbrev    0x001199         0xca build/default/production/tcpip/src/telnet.o
 .debug_abbrev    0x001263         0xe2 build/default/production/usb_descriptors.o
 .debug_abbrev    0x001345        0x2bc build/default/production/usb/src/usb_device.o
 .debug_abbrev    0x001601         0x1f build/default/production/usb/src/usb_device_generic.o
 .debug_abbrev    0x001620        0x25f build/default/production/usb_fonctions.o
 .debug_abbrev    0x00187f        0x22b build/default/production/EthernetENCJ28J60.o
 .debug_abbrev    0x001aaa         0xcd build/default/production/mcc_generated_files/pin_manager.o
 .debug_abbrev    0x001b77        0x140 build/default/production/tcpEtower.o
 .debug_abbrev    0x001cb7        0x181 build/default/production/irtx.o
 .debug_abbrev    0x001e38        0x254 build/default/production/irrx.o
 .debug_abbrev    0x00208c        0x156 build/default/production/terminal.o
 .debug_abbrev    0x0021e2         0x96 build/default/production/ir.o

.debug_line       0x000000       0x9a5f
 *(.debug_line)
 .debug_line      0x000000        0x402 build/default/production/tcpip/src/arp.o
 .debug_line      0x000402         0xf0 build/default/production/tcpip/src/common/delay.o
 .debug_line      0x0004f2       0x1299 build/default/production/ENC28J60.o
 .debug_line      0x00178b        0x947 build/default/production/tcpip/src/common/helpers.o
 .debug_line      0x0020d2        0x378 build/default/production/tcpip/src/icmp.o
 .debug_line      0x00244a        0x263 build/default/production/tcpip/src/ip.o
 .debug_line      0x0026ad        0x2c5 build/default/production/tcpip/src/common/stack_task.o
 .debug_line      0x002972        0x31a build/default/production/tcpip/src/common/tick.o
 .debug_line      0x002c8c        0x846 build/default/production/tcpip/src/udp.o
 .debug_line      0x0034d2       0x2671 build/default/production/tcpip/src/tcp.o
 .debug_line      0x005b43        0xadf build/default/production/tcpip/src/dhcp_client.o
 .debug_line      0x006622        0x3a9 build/default/production/tcpip/src/telnet.o
 .debug_line      0x0069cb         0x96 build/default/production/usb_descriptors.o
 .debug_line      0x006a61       0x11f2 build/default/production/usb/src/usb_device.o
 .debug_line      0x007c53         0x24 build/default/production/usb/src/usb_device_generic.o
 .debug_line      0x007c77        0x50c build/default/production/usb_fonctions.o
 .debug_line      0x008183        0x313 build/default/production/EthernetENCJ28J60.o
 .debug_line      0x008496        0x1d7 build/default/production/mcc_generated_files/pin_manager.o
 .debug_line      0x00866d        0x1d1 build/default/production/tcpEtower.o
 .debug_line      0x00883e        0x454 build/default/production/irtx.o
 .debug_line      0x008c92        0x769 build/default/production/irrx.o
 .debug_line      0x0093fb        0x582 build/default/production/terminal.o
 .debug_line      0x00997d         0xe2 build/default/production/ir.o

.debug_frame      0x000000       0x13e8
 *(.debug_frame)
 .debug_frame     0x000000         0x84 build/default/production/tcpip/src/arp.o
 .debug_frame     0x000084         0x34 build/default/production/tcpip/src/common/delay.o
 .debug_frame     0x0000b8        0x214 build/default/production/ENC28J60.o
 .debug_frame     0x0002cc        0x114 build/default/production/tcpip/src/common/helpers.o
 .debug_frame     0x0003e0         0x64 build/default/production/tcpip/src/icmp.o
 .debug_frame     0x000444         0x54 build/default/production/tcpip/src/ip.o
 .debug_frame     0x000498         0x44 build/default/production/tcpip/src/common/stack_task.o
 .debug_frame     0x0004dc         0x84 build/default/production/tcpip/src/common/tick.o
 .debug_frame     0x000560        0x134 build/default/production/tcpip/src/udp.o
 .debug_frame     0x000694        0x234 build/default/production/tcpip/src/tcp.o
 .debug_frame     0x0008c8         0xc4 build/default/production/tcpip/src/dhcp_client.o
 .debug_frame     0x00098c         0x24 build/default/production/tcpip/src/telnet.o
 .debug_frame     0x0009b0        0x194 build/default/production/usb/src/usb_device.o
 .debug_frame     0x000b44        0x10c build/default/production/usb_fonctions.o
 .debug_frame     0x000c50         0x88 build/default/production/EthernetENCJ28J60.o
 .debug_frame     0x000cd8         0x24 build/default/production/mcc_generated_files/pin_manager.o
 .debug_frame     0x000cfc         0x54 build/default/production/tcpEtower.o
 .debug_frame     0x000d50         0xc0 build/default/production/irtx.o
 .debug_frame     0x000e10        0x2dc build/default/production/irrx.o
 .debug_frame     0x0010ec        0x26c build/default/production/terminal.o
 .debug_frame     0x001358         0x90 build/default/production/ir.o

.debug_str        0x000000        0xa29
 *(.debug_str)
 .debug_str       0x000000         0x18 build/default/production/tcpip/src/arp.o
 .debug_str       0x000018         0xfb build/default/production/ENC28J60.o
 .debug_str       0x000113          0x9 build/default/production/tcpip/src/common/helpers.o
 .debug_str       0x00011c         0x13 build/default/production/tcpip/src/ip.o
 .debug_str       0x00012f         0x15 build/default/production/tcpip/src/common/stack_task.o
 .debug_str       0x000144         0x25 build/default/production/tcpip/src/common/tick.o
 .debug_str       0x000169         0x72 build/default/production/tcpip/src/udp.o
 .debug_str       0x0001db         0xcb build/default/production/tcpip/src/tcp.o
 .debug_str       0x0002a6         0x48 build/default/production/tcpip/src/dhcp_client.o
 .debug_str       0x0002ee          0x9 build/default/production/tcpip/src/telnet.o
 .debug_str       0x0002f7         0x2a build/default/production/usb_descriptors.o
 .debug_str       0x000321        0x286 build/default/production/usb/src/usb_device.o
 .debug_str       0x0005a7         0xc0 build/default/production/usb_fonctions.o
 .debug_str       0x000667         0x57 build/default/production/EthernetENCJ28J60.o
 .debug_str       0x0006be         0xf9 build/default/production/mcc_generated_files/pin_manager.o
 .debug_str       0x0007b7         0x21 build/default/production/tcpEtower.o
 .debug_str       0x0007d8         0x9b build/default/production/irtx.o
 .debug_str       0x000873        0x143 build/default/production/irrx.o
 .debug_str       0x0009b6         0x73 build/default/production/terminal.o

.debug_loc
 *(.debug_loc)

.debug_macinfo
 *(.debug_macinfo)

.debug_pubnames
                  0x000000       0x15ad
 *(.debug_pubnames)
 .debug_pubnames
                  0x000000         0x6f build/default/production/tcpip/src/arp.o
 .debug_pubnames
                  0x00006f         0x2c build/default/production/tcpip/src/common/delay.o
 .debug_pubnames
                  0x00009b        0x1b8 build/default/production/ENC28J60.o
 .debug_pubnames
                  0x000253        0x10a build/default/production/tcpip/src/common/helpers.o
 .debug_pubnames
                  0x00035d         0x68 build/default/production/tcpip/src/icmp.o
 .debug_pubnames
                  0x0003c5         0x44 build/default/production/tcpip/src/ip.o
 .debug_pubnames
                  0x000409         0x53 build/default/production/tcpip/src/common/stack_task.o
 .debug_pubnames
                  0x00045c         0x7e build/default/production/tcpip/src/common/tick.o
 .debug_pubnames
                  0x0004da        0x155 build/default/production/tcpip/src/udp.o
 .debug_pubnames
                  0x00062f        0x1ba build/default/production/tcpip/src/tcp.o
 .debug_pubnames
                  0x0007e9         0xcc build/default/production/tcpip/src/dhcp_client.o
 .debug_pubnames
                  0x0008b5         0x21 build/default/production/tcpip/src/telnet.o
 .debug_pubnames
                  0x0008d6         0x73 build/default/production/usb_descriptors.o
 .debug_pubnames
                  0x000949        0x312 build/default/production/usb/src/usb_device.o
 .debug_pubnames
                  0x000c5b        0x17a build/default/production/usb_fonctions.o
 .debug_pubnames
                  0x000dd5         0x88 build/default/production/EthernetENCJ28J60.o
 .debug_pubnames
                  0x000e5d         0x2d build/default/production/mcc_generated_files/pin_manager.o
 .debug_pubnames
                  0x000e8a         0x74 build/default/production/tcpEtower.o
 .debug_pubnames
                  0x000efe        0x16a build/default/production/irtx.o
 .debug_pubnames
                  0x001068        0x355 build/default/production/irrx.o
 .debug_pubnames
                  0x0013bd        0x1c8 build/default/production/terminal.o
 .debug_pubnames
                  0x001585         0x28 build/default/production/ir.o

.debug_ranges
 *(.debug_ranges)

.debug_aranges    0x000000        0x1f8
 *(.debug_aranges)
 .debug_aranges
                  0x000000         0x18 build/default/production/tcpip/src/arp.o
 .debug_aranges
                  0x000018         0x18 build/default/production/tcpip/src/common/delay.o
 .debug_aranges
                  0x000030         0x18 build/default/production/ENC28J60.o
 .debug_aranges
                  0x000048         0x18 build/default/production/tcpip/src/common/helpers.o
 .debug_aranges
                  0x000060         0x18 build/default/production/tcpip/src/icmp.o
 .debug_aranges
                  0x000078         0x18 build/default/production/tcpip/src/ip.o
 .debug_aranges
                  0x000090         0x18 build/default/production/tcpip/src/common/stack_task.o
 .debug_aranges
                  0x0000a8         0x18 build/default/production/tcpip/src/common/tick.o
 .debug_aranges
                  0x0000c0         0x18 build/default/production/tcpip/src/udp.o
 .debug_aranges
                  0x0000d8         0x18 build/default/production/tcpip/src/tcp.o
 .debug_aranges
                  0x0000f0         0x18 build/default/production/tcpip/src/dhcp_client.o
 .debug_aranges
                  0x000108         0x18 build/default/production/tcpip/src/telnet.o
 .debug_aranges
                  0x000120         0x18 build/default/production/usb/src/usb_device.o
 .debug_aranges
                  0x000138         0x18 build/default/production/usb_fonctions.o
 .debug_aranges
                  0x000150         0x18 build/default/production/EthernetENCJ28J60.o
 .debug_aranges
                  0x000168         0x18 build/default/production/mcc_generated_files/pin_manager.o
 .debug_aranges
                  0x000180         0x18 build/default/production/tcpEtower.o
 .debug_aranges
                  0x000198         0x18 build/default/production/irtx.o
 .debug_aranges
                  0x0001b0         0x18 build/default/production/irrx.o
 .debug_aranges
                  0x0001c8         0x18 build/default/production/terminal.o
 .debug_aranges
                  0x0001e0         0x18 build/default/production/ir.o

.ivt              0x004004         0xfc
                  0x004004          0x4 LONG 0x42d2 DEFINED (__ReservedTrap0)?ABSOLUTE (__ReservedTrap0):ABSOLUTE (__DefaultInterrupt)
                  0x004006          0x4 LONG 0x42d2 DEFINED (__OscillatorFail)?ABSOLUTE (__OscillatorFail):ABSOLUTE (__DefaultInterrupt)
                  0x004008          0x4 LONG 0x42d2 DEFINED (__AddressError)?ABSOLUTE (__AddressError):ABSOLUTE (__DefaultInterrupt)
                  0x00400a          0x4 LONG 0x42d2 DEFINED (__StackError)?ABSOLUTE (__StackError):ABSOLUTE (__DefaultInterrupt)
                  0x00400c          0x4 LONG 0x42d2 DEFINED (__MathError)?ABSOLUTE (__MathError):ABSOLUTE (__DefaultInterrupt)
                  0x00400e          0x4 LONG 0x42d2 DEFINED (__ReservedTrap5)?ABSOLUTE (__ReservedTrap5):ABSOLUTE (__DefaultInterrupt)
                  0x004010          0x4 LONG 0x42d2 DEFINED (__ReservedTrap6)?ABSOLUTE (__ReservedTrap6):ABSOLUTE (__DefaultInterrupt)
                  0x004012          0x4 LONG 0x42d2 DEFINED (__ReservedTrap7)?ABSOLUTE (__ReservedTrap7):ABSOLUTE (__DefaultInterrupt)
                  0x004014          0x4 LONG 0x42d2 DEFINED (__INT0Interrupt)?ABSOLUTE (__INT0Interrupt):ABSOLUTE (__DefaultInterrupt)
                  0x004016          0x4 LONG 0xeef4 DEFINED (__IC1Interrupt)?ABSOLUTE (__IC1Interrupt):ABSOLUTE (__DefaultInterrupt)
                  0x004018          0x4 LONG 0x42d2 DEFINED (__OC1Interrupt)?ABSOLUTE (__OC1Interrupt):ABSOLUTE (__DefaultInterrupt)
                  0x00401a          0x4 LONG 0xf05a DEFINED (__T1Interrupt)?ABSOLUTE (__T1Interrupt):ABSOLUTE (__DefaultInterrupt)
                  0x00401c          0x4 LONG 0x42d2 DEFINED (__DMA0Interrupt)?ABSOLUTE (__DMA0Interrupt):ABSOLUTE (__DefaultInterrupt)
                  0x00401e          0x4 LONG 0x42d2 DEFINED (__IC2Interrupt)?ABSOLUTE (__IC2Interrupt):ABSOLUTE (__DefaultInterrupt)
                  0x004020          0x4 LONG 0x42d2 DEFINED (__OC2Interrupt)?ABSOLUTE (__OC2Interrupt):ABSOLUTE (__DefaultInterrupt)
                  0x004022          0x4 LONG 0x42d2 DEFINED (__T2Interrupt)?ABSOLUTE (__T2Interrupt):ABSOLUTE (__DefaultInterrupt)
                  0x004024          0x4 LONG 0xeec6 DEFINED (__T3Interrupt)?ABSOLUTE (__T3Interrupt):ABSOLUTE (__DefaultInterrupt)
                  0x004026          0x4 LONG 0x42d2 DEFINED (__SPI1Interrupt)?ABSOLUTE (__SPI1Interrupt):ABSOLUTE (__DefaultInterrupt)
                  0x004028          0x4 LONG 0x42d2 DEFINED (__SPI1TXInterrupt)?ABSOLUTE (__SPI1TXInterrupt):ABSOLUTE (__DefaultInterrupt)
                  0x00402a          0x4 LONG 0x42d2 DEFINED (__U1RXInterrupt)?ABSOLUTE (__U1RXInterrupt):ABSOLUTE (__DefaultInterrupt)
                  0x00402c          0x4 LONG 0x42d2 DEFINED (__U1TXInterrupt)?ABSOLUTE (__U1TXInterrupt):ABSOLUTE (__DefaultInterrupt)
                  0x00402e          0x4 LONG 0x42d2 DEFINED (__ADC1Interrupt)?ABSOLUTE (__ADC1Interrupt):ABSOLUTE (__DefaultInterrupt)
                  0x004030          0x4 LONG 0x42d2 DEFINED (__DMA1Interrupt)?ABSOLUTE (__DMA1Interrupt):ABSOLUTE (__DefaultInterrupt)
                  0x004032          0x4 LONG 0x42d2 DEFINED (__Interrupt15)?ABSOLUTE (__Interrupt15):ABSOLUTE (__DefaultInterrupt)
                  0x004034          0x4 LONG 0x42d2 DEFINED (__SI2C1Interrupt)?ABSOLUTE (__SI2C1Interrupt):ABSOLUTE (__DefaultInterrupt)
                  0x004036          0x4 LONG 0x42d2 DEFINED (__MI2C1Interrupt)?ABSOLUTE (__MI2C1Interrupt):ABSOLUTE (__DefaultInterrupt)
                  0x004038          0x4 LONG 0x42d2 DEFINED (__CompInterrupt)?ABSOLUTE (__CompInterrupt):ABSOLUTE (__DefaultInterrupt)
                  0x00403a          0x4 LONG 0x42d2 DEFINED (__CNInterrupt)?ABSOLUTE (__CNInterrupt):ABSOLUTE (__DefaultInterrupt)
                  0x00403c          0x4 LONG 0x42d2 DEFINED (__INT1Interrupt)?ABSOLUTE (__INT1Interrupt):ABSOLUTE (__DefaultInterrupt)
                  0x00403e          0x4 LONG 0x42d2 DEFINED (__Interrupt21)?ABSOLUTE (__Interrupt21):ABSOLUTE (__DefaultInterrupt)
                  0x004040          0x4 LONG 0x42d2 DEFINED (__Interrupt22)?ABSOLUTE (__Interrupt22):ABSOLUTE (__DefaultInterrupt)
                  0x004042          0x4 LONG 0x42d2 DEFINED (__Interrupt23)?ABSOLUTE (__Interrupt23):ABSOLUTE (__DefaultInterrupt)
                  0x004044          0x4 LONG 0x42d2 DEFINED (__DMA2Interrupt)?ABSOLUTE (__DMA2Interrupt):ABSOLUTE (__DefaultInterrupt)
                  0x004046          0x4 LONG 0x42d2 DEFINED (__OC3Interrupt)?ABSOLUTE (__OC3Interrupt):ABSOLUTE (__DefaultInterrupt)
                  0x004048          0x4 LONG 0x42d2 DEFINED (__OC4Interrupt)?ABSOLUTE (__OC4Interrupt):ABSOLUTE (__DefaultInterrupt)
                  0x00404a          0x4 LONG 0x42d2 DEFINED (__T4Interrupt)?ABSOLUTE (__T4Interrupt):ABSOLUTE (__DefaultInterrupt)
                  0x00404c          0x4 LONG 0x42d2 DEFINED (__T5Interrupt)?ABSOLUTE (__T5Interrupt):ABSOLUTE (__DefaultInterrupt)
                  0x00404e          0x4 LONG 0x42d2 DEFINED (__INT2Interrupt)?ABSOLUTE (__INT2Interrupt):ABSOLUTE (__DefaultInterrupt)
                  0x004050          0x4 LONG 0x42d2 DEFINED (__U2RXInterrupt)?ABSOLUTE (__U2RXInterrupt):ABSOLUTE (__DefaultInterrupt)
                  0x004052          0x4 LONG 0x42d2 DEFINED (__U2TXInterrupt)?ABSOLUTE (__U2TXInterrupt):ABSOLUTE (__DefaultInterrupt)
                  0x004054          0x4 LONG 0x42d2 DEFINED (__SPI2Interrupt)?ABSOLUTE (__SPI2Interrupt):ABSOLUTE (__DefaultInterrupt)
                  0x004056          0x4 LONG 0x42d2 DEFINED (__SPI2TXInterrupt)?ABSOLUTE (__SPI2TXInterrupt):ABSOLUTE (__DefaultInterrupt)
                  0x004058          0x4 LONG 0x42d2 DEFINED (__Interrupt34)?ABSOLUTE (__Interrupt34):ABSOLUTE (__DefaultInterrupt)
                  0x00405a          0x4 LONG 0x42d2 DEFINED (__Interrupt35)?ABSOLUTE (__Interrupt35):ABSOLUTE (__DefaultInterrupt)
                  0x00405c          0x4 LONG 0x42d2 DEFINED (__DMA3Interrupt)?ABSOLUTE (__DMA3Interrupt):ABSOLUTE (__DefaultInterrupt)
                  0x00405e          0x4 LONG 0x42d2 DEFINED (__IC3Interrupt)?ABSOLUTE (__IC3Interrupt):ABSOLUTE (__DefaultInterrupt)
                  0x004060          0x4 LONG 0x42d2 DEFINED (__IC4Interrupt)?ABSOLUTE (__IC4Interrupt):ABSOLUTE (__DefaultInterrupt)
                  0x004062          0x4 LONG 0x42d2 DEFINED (__IC5Interrupt)?ABSOLUTE (__IC5Interrupt):ABSOLUTE (__DefaultInterrupt)
                  0x004064          0x4 LONG 0x42d2 DEFINED (__IC6Interrupt)?ABSOLUTE (__IC6Interrupt):ABSOLUTE (__DefaultInterrupt)
                  0x004066          0x4 LONG 0x42d2 DEFINED (__OC5Interrupt)?ABSOLUTE (__OC5Interrupt):ABSOLUTE (__DefaultInterrupt)
                  0x004068          0x4 LONG 0x42d2 DEFINED (__OC6Interrupt)?ABSOLUTE (__OC6Interrupt):ABSOLUTE (__DefaultInterrupt)
                  0x00406a          0x4 LONG 0x42d2 DEFINED (__Interrupt43)?ABSOLUTE (__Interrupt43):ABSOLUTE (__DefaultInterrupt)
                  0x00406c          0x4 LONG 0x42d2 DEFINED (__Interrupt44)?ABSOLUTE (__Interrupt44):ABSOLUTE (__DefaultInterrupt)
                  0x00406e          0x4 LONG 0x42d2 DEFINED (__PMPInterrupt)?ABSOLUTE (__PMPInterrupt):ABSOLUTE (__DefaultInterrupt)
                  0x004070          0x4 LONG 0x42d2 DEFINED (__DMA4Interrupt)?ABSOLUTE (__DMA4Interrupt):ABSOLUTE (__DefaultInterrupt)
                  0x004072          0x4 LONG 0x42d2 DEFINED (__Interrupt47)?ABSOLUTE (__Interrupt47):ABSOLUTE (__DefaultInterrupt)
                  0x004074          0x4 LONG 0x42d2 DEFINED (__Interrupt48)?ABSOLUTE (__Interrupt48):ABSOLUTE (__DefaultInterrupt)
                  0x004076          0x4 LONG 0x42d2 DEFINED (__SI2C2Interrupt)?ABSOLUTE (__SI2C2Interrupt):ABSOLUTE (__DefaultInterrupt)
                  0x004078          0x4 LONG 0x42d2 DEFINED (__MI2C2Interrupt)?ABSOLUTE (__MI2C2Interrupt):ABSOLUTE (__DefaultInterrupt)
                  0x00407a          0x4 LONG 0x42d2 DEFINED (__Interrupt51)?ABSOLUTE (__Interrupt51):ABSOLUTE (__DefaultInterrupt)
                  0x00407c          0x4 LONG 0x42d2 DEFINED (__Interrupt52)?ABSOLUTE (__Interrupt52):ABSOLUTE (__DefaultInterrupt)
                  0x00407e          0x4 LONG 0x42d2 DEFINED (__INT3Interrupt)?ABSOLUTE (__INT3Interrupt):ABSOLUTE (__DefaultInterrupt)
                  0x004080          0x4 LONG 0x42d2 DEFINED (__INT4Interrupt)?ABSOLUTE (__INT4Interrupt):ABSOLUTE (__DefaultInterrupt)
                  0x004082          0x4 LONG 0x42d2 DEFINED (__CRYPTOInterrupt)?ABSOLUTE (__CRYPTOInterrupt):ABSOLUTE (__DefaultInterrupt)
                  0x004084          0x4 LONG 0x42d2 DEFINED (__CRYPTOKeyInterrupt)?ABSOLUTE (__CRYPTOKeyInterrupt):ABSOLUTE (__DefaultInterrupt)
                  0x004086          0x4 LONG 0x42d2 DEFINED (__Interrupt57)?ABSOLUTE (__Interrupt57):ABSOLUTE (__DefaultInterrupt)
                  0x004088          0x4 LONG 0x42d2 DEFINED (__SPI1RXInterrupt)?ABSOLUTE (__SPI1RXInterrupt):ABSOLUTE (__DefaultInterrupt)
                  0x00408a          0x4 LONG 0x42d2 DEFINED (__SPI2RXInterrupt)?ABSOLUTE (__SPI2RXInterrupt):ABSOLUTE (__DefaultInterrupt)
                  0x00408c          0x4 LONG 0x42d2 DEFINED (__SPI3RXInterrupt)?ABSOLUTE (__SPI3RXInterrupt):ABSOLUTE (__DefaultInterrupt)
                  0x00408e          0x4 LONG 0x42d2 DEFINED (__DMA5Interrupt)?ABSOLUTE (__DMA5Interrupt):ABSOLUTE (__DefaultInterrupt)
                  0x004090          0x4 LONG 0x42d2 DEFINED (__RTCCInterrupt)?ABSOLUTE (__RTCCInterrupt):ABSOLUTE (__DefaultInterrupt)
                  0x004092          0x4 LONG 0x42d2 DEFINED (__Interrupt63)?ABSOLUTE (__Interrupt63):ABSOLUTE (__DefaultInterrupt)
                  0x004094          0x4 LONG 0x42d2 DEFINED (__Interrupt64)?ABSOLUTE (__Interrupt64):ABSOLUTE (__DefaultInterrupt)
                  0x004096          0x4 LONG 0x42d2 DEFINED (__U1ErrInterrupt)?ABSOLUTE (__U1ErrInterrupt):ABSOLUTE (__DefaultInterrupt)
                  0x004098          0x4 LONG 0x42d2 DEFINED (__U2ErrInterrupt)?ABSOLUTE (__U2ErrInterrupt):ABSOLUTE (__DefaultInterrupt)
                  0x00409a          0x4 LONG 0x42d2 DEFINED (__CRCInterrupt)?ABSOLUTE (__CRCInterrupt):ABSOLUTE (__DefaultInterrupt)
                  0x00409c          0x4 LONG 0x42d2 DEFINED (__Interrupt68)?ABSOLUTE (__Interrupt68):ABSOLUTE (__DefaultInterrupt)
                  0x00409e          0x4 LONG 0x42d2 DEFINED (__Interrupt69)?ABSOLUTE (__Interrupt69):ABSOLUTE (__DefaultInterrupt)
                  0x0040a0          0x4 LONG 0x42d2 DEFINED (__Interrupt70)?ABSOLUTE (__Interrupt70):ABSOLUTE (__DefaultInterrupt)
                  0x0040a2          0x4 LONG 0x42d2 DEFINED (__Interrupt71)?ABSOLUTE (__Interrupt71):ABSOLUTE (__DefaultInterrupt)
                  0x0040a4          0x4 LONG 0x42d2 DEFINED (__LVDInterrupt)?ABSOLUTE (__LVDInterrupt):ABSOLUTE (__DefaultInterrupt)
                  0x0040a6          0x4 LONG 0x42d2 DEFINED (__Interrupt73)?ABSOLUTE (__Interrupt73):ABSOLUTE (__DefaultInterrupt)
                  0x0040a8          0x4 LONG 0x42d2 DEFINED (__Interrupt74)?ABSOLUTE (__Interrupt74):ABSOLUTE (__DefaultInterrupt)
                  0x0040aa          0x4 LONG 0x42d2 DEFINED (__Interrupt75)?ABSOLUTE (__Interrupt75):ABSOLUTE (__DefaultInterrupt)
                  0x0040ac          0x4 LONG 0x42d2 DEFINED (__Interrupt76)?ABSOLUTE (__Interrupt76):ABSOLUTE (__DefaultInterrupt)
                  0x0040ae          0x4 LONG 0x42d2 DEFINED (__CTMUInterrupt)?ABSOLUTE (__CTMUInterrupt):ABSOLUTE (__DefaultInterrupt)
                  0x0040b0          0x4 LONG 0x42d2 DEFINED (__Interrupt78)?ABSOLUTE (__Interrupt78):ABSOLUTE (__DefaultInterrupt)
                  0x0040b2          0x4 LONG 0x42d2 DEFINED (__Interrupt79)?ABSOLUTE (__Interrupt79):ABSOLUTE (__DefaultInterrupt)
                  0x0040b4          0x4 LONG 0x42d2 DEFINED (__Interrupt80)?ABSOLUTE (__Interrupt80):ABSOLUTE (__DefaultInterrupt)
                  0x0040b6          0x4 LONG 0x42d2 DEFINED (__U3ErrInterrupt)?ABSOLUTE (__U3ErrInterrupt):ABSOLUTE (__DefaultInterrupt)
                  0x0040b8          0x4 LONG 0x42d2 DEFINED (__U3RXInterrupt)?ABSOLUTE (__U3RXInterrupt):ABSOLUTE (__DefaultInterrupt)
                  0x0040ba          0x4 LONG 0x42d2 DEFINED (__U3TXInterrupt)?ABSOLUTE (__U3TXInterrupt):ABSOLUTE (__DefaultInterrupt)
                  0x0040bc          0x4 LONG 0x42d2 DEFINED (__I2C1BCLInterrupt)?ABSOLUTE (__I2C1BCLInterrupt):ABSOLUTE (__DefaultInterrupt)
                  0x0040be          0x4 LONG 0x42d2 DEFINED (__I2C2BCLInterrupt)?ABSOLUTE (__I2C2BCLInterrupt):ABSOLUTE (__DefaultInterrupt)
                  0x0040c0          0x4 LONG 0x42d2 DEFINED (__USB1Interrupt)?ABSOLUTE (__USB1Interrupt):ABSOLUTE (__DefaultInterrupt)
                  0x0040c2          0x4 LONG 0x42d2 DEFINED (__U4ErrInterrupt)?ABSOLUTE (__U4ErrInterrupt):ABSOLUTE (__DefaultInterrupt)
                  0x0040c4          0x4 LONG 0x42d2 DEFINED (__U4RXInterrupt)?ABSOLUTE (__U4RXInterrupt):ABSOLUTE (__DefaultInterrupt)
                  0x0040c6          0x4 LONG 0x42d2 DEFINED (__U4TXInterrupt)?ABSOLUTE (__U4TXInterrupt):ABSOLUTE (__DefaultInterrupt)
                  0x0040c8          0x4 LONG 0x42d2 DEFINED (__SPI3Interrupt)?ABSOLUTE (__SPI3Interrupt):ABSOLUTE (__DefaultInterrupt)
                  0x0040ca          0x4 LONG 0x42d2 DEFINED (__SPI3TXInterrupt)?ABSOLUTE (__SPI3TXInterrupt):ABSOLUTE (__DefaultInterrupt)
                  0x0040cc          0x4 LONG 0x42d2 DEFINED (__Interrupt92)?ABSOLUTE (__Interrupt92):ABSOLUTE (__DefaultInterrupt)
                  0x0040ce          0x4 LONG 0x42d2 DEFINED (__Interrupt93)?ABSOLUTE (__Interrupt93):ABSOLUTE (__DefaultInterrupt)
                  0x0040d0          0x4 LONG 0x42d2 DEFINED (__Interrupt94)?ABSOLUTE (__Interrupt94):ABSOLUTE (__DefaultInterrupt)
                  0x0040d2          0x4 LONG 0x42d2 DEFINED (__Interrupt95)?ABSOLUTE (__Interrupt95):ABSOLUTE (__DefaultInterrupt)
                  0x0040d4          0x4 LONG 0x42d2 DEFINED (__Interrupt96)?ABSOLUTE (__Interrupt96):ABSOLUTE (__DefaultInterrupt)
                  0x0040d6          0x4 LONG 0x42d2 DEFINED (__Interrupt97)?ABSOLUTE (__Interrupt97):ABSOLUTE (__DefaultInterrupt)
                  0x0040d8          0x4 LONG 0x42d2 DEFINED (__Interrupt98)?ABSOLUTE (__Interrupt98):ABSOLUTE (__DefaultInterrupt)
                  0x0040da          0x4 LONG 0x42d2 DEFINED (__Interrupt99)?ABSOLUTE (__Interrupt99):ABSOLUTE (__DefaultInterrupt)
                  0x0040dc          0x4 LONG 0x42d2 DEFINED (__Interrupt100)?ABSOLUTE (__Interrupt100):ABSOLUTE (__DefaultInterrupt)
                  0x0040de          0x4 LONG 0x42d2 DEFINED (__Interrupt101)?ABSOLUTE (__Interrupt101):ABSOLUTE (__DefaultInterrupt)
                  0x0040e0          0x4 LONG 0x42d2 DEFINED (__Interrupt102)?ABSOLUTE (__Interrupt102):ABSOLUTE (__DefaultInterrupt)
                  0x0040e2          0x4 LONG 0x42d2 DEFINED (__Interrupt103)?ABSOLUTE (__Interrupt103):ABSOLUTE (__DefaultInterrupt)
                  0x0040e4          0x4 LONG 0x42d2 DEFINED (__Interrupt104)?ABSOLUTE (__Interrupt104):ABSOLUTE (__DefaultInterrupt)
                  0x0040e6          0x4 LONG 0x42d2 DEFINED (__Interrupt105)?ABSOLUTE (__Interrupt105):ABSOLUTE (__DefaultInterrupt)
                  0x0040e8          0x4 LONG 0x42d2 DEFINED (__FSTInterrupt)?ABSOLUTE (__FSTInterrupt):ABSOLUTE (__DefaultInterrupt)
                  0x0040ea          0x4 LONG 0x42d2 DEFINED (__Interrupt107)?ABSOLUTE (__Interrupt107):ABSOLUTE (__DefaultInterrupt)
                  0x0040ec          0x4 LONG 0x42d2 DEFINED (__Interrupt108)?ABSOLUTE (__Interrupt108):ABSOLUTE (__DefaultInterrupt)
                  0x0040ee          0x4 LONG 0x42d2 DEFINED (__Interrupt109)?ABSOLUTE (__Interrupt109):ABSOLUTE (__DefaultInterrupt)
                  0x0040f0          0x4 LONG 0x42d2 DEFINED (__Interrupt110)?ABSOLUTE (__Interrupt110):ABSOLUTE (__DefaultInterrupt)
                  0x0040f2          0x4 LONG 0x42d2 DEFINED (__Interrupt111)?ABSOLUTE (__Interrupt111):ABSOLUTE (__DefaultInterrupt)
                  0x0040f4          0x4 LONG 0x42d2 DEFINED (__Interrupt112)?ABSOLUTE (__Interrupt112):ABSOLUTE (__DefaultInterrupt)
                  0x0040f6          0x4 LONG 0x42d2 DEFINED (__Interrupt113)?ABSOLUTE (__Interrupt113):ABSOLUTE (__DefaultInterrupt)
                  0x0040f8          0x4 LONG 0x42d2 DEFINED (__Interrupt114)?ABSOLUTE (__Interrupt114):ABSOLUTE (__DefaultInterrupt)
                  0x0040fa          0x4 LONG 0x42d2 DEFINED (__Interrupt115)?ABSOLUTE (__Interrupt115):ABSOLUTE (__DefaultInterrupt)
                  0x0040fc          0x4 LONG 0x42d2 DEFINED (__Interrupt116)?ABSOLUTE (__Interrupt116):ABSOLUTE (__DefaultInterrupt)
                  0x0040fe          0x4 LONG 0x42d2 DEFINED (__JTAGInterrupt)?ABSOLUTE (__JTAGInterrupt):ABSOLUTE (__DefaultInterrupt)

.aivt             0x004104         0xfc
                  0x004104          0x4 LONG 0x42d2 DEFINED (__AltReservedTrap0)?ABSOLUTE (__AltReservedTrap0):DEFINED (__ReservedTrap0)?ABSOLUTE (__ReservedTrap0):ABSOLUTE (__DefaultInterrupt)
                  0x004106          0x4 LONG 0x42d2 DEFINED (__AltOscillatorFail)?ABSOLUTE (__AltOscillatorFail):DEFINED (__OscillatorFail)?ABSOLUTE (__OscillatorFail):ABSOLUTE (__DefaultInterrupt)
                  0x004108          0x4 LONG 0x42d2 DEFINED (__AltAddressError)?ABSOLUTE (__AltAddressError):DEFINED (__AddressError)?ABSOLUTE (__AddressError):ABSOLUTE (__DefaultInterrupt)
                  0x00410a          0x4 LONG 0x42d2 DEFINED (__AltStackError)?ABSOLUTE (__AltStackError):DEFINED (__StackError)?ABSOLUTE (__StackError):ABSOLUTE (__DefaultInterrupt)
                  0x00410c          0x4 LONG 0x42d2 DEFINED (__AltMathError)?ABSOLUTE (__AltMathError):DEFINED (__MathError)?ABSOLUTE (__MathError):ABSOLUTE (__DefaultInterrupt)
                  0x00410e          0x4 LONG 0x42d2 DEFINED (__AltReservedTrap5)?ABSOLUTE (__AltReservedTrap5):DEFINED (__ReservedTrap5)?ABSOLUTE (__ReservedTrap5):ABSOLUTE (__DefaultInterrupt)
                  0x004110          0x4 LONG 0x42d2 DEFINED (__AltReservedTrap6)?ABSOLUTE (__AltReservedTrap6):DEFINED (__ReservedTrap6)?ABSOLUTE (__ReservedTrap6):ABSOLUTE (__DefaultInterrupt)
                  0x004112          0x4 LONG 0x42d2 DEFINED (__AltReservedTrap7)?ABSOLUTE (__AltReservedTrap7):DEFINED (__ReservedTrap7)?ABSOLUTE (__ReservedTrap7):ABSOLUTE (__DefaultInterrupt)
                  0x004114          0x4 LONG 0x42d2 DEFINED (__AltINT0Interrupt)?ABSOLUTE (__AltINT0Interrupt):DEFINED (__INT0Interrupt)?ABSOLUTE (__INT0Interrupt):ABSOLUTE (__DefaultInterrupt)
                  0x004116          0x4 LONG 0xeef4 DEFINED (__AltIC1Interrupt)?ABSOLUTE (__AltIC1Interrupt):DEFINED (__IC1Interrupt)?ABSOLUTE (__IC1Interrupt):ABSOLUTE (__DefaultInterrupt)
                  0x004118          0x4 LONG 0x42d2 DEFINED (__AltOC1Interrupt)?ABSOLUTE (__AltOC1Interrupt):DEFINED (__OC1Interrupt)?ABSOLUTE (__OC1Interrupt):ABSOLUTE (__DefaultInterrupt)
                  0x00411a          0x4 LONG 0xf05a DEFINED (__AltT1Interrupt)?ABSOLUTE (__AltT1Interrupt):DEFINED (__T1Interrupt)?ABSOLUTE (__T1Interrupt):ABSOLUTE (__DefaultInterrupt)
                  0x00411c          0x4 LONG 0x42d2 DEFINED (__AltDMA0Interrupt)?ABSOLUTE (__AltDMA0Interrupt):DEFINED (__DMA0Interrupt)?ABSOLUTE (__DMA0Interrupt):ABSOLUTE (__DefaultInterrupt)
                  0x00411e          0x4 LONG 0x42d2 DEFINED (__AltIC2Interrupt)?ABSOLUTE (__AltIC2Interrupt):DEFINED (__IC2Interrupt)?ABSOLUTE (__IC2Interrupt):ABSOLUTE (__DefaultInterrupt)
                  0x004120          0x4 LONG 0x42d2 DEFINED (__AltOC2Interrupt)?ABSOLUTE (__AltOC2Interrupt):DEFINED (__OC2Interrupt)?ABSOLUTE (__OC2Interrupt):ABSOLUTE (__DefaultInterrupt)
                  0x004122          0x4 LONG 0x42d2 DEFINED (__AltT2Interrupt)?ABSOLUTE (__AltT2Interrupt):DEFINED (__T2Interrupt)?ABSOLUTE (__T2Interrupt):ABSOLUTE (__DefaultInterrupt)
                  0x004124          0x4 LONG 0xeec6 DEFINED (__AltT3Interrupt)?ABSOLUTE (__AltT3Interrupt):DEFINED (__T3Interrupt)?ABSOLUTE (__T3Interrupt):ABSOLUTE (__DefaultInterrupt)
                  0x004126          0x4 LONG 0x42d2 DEFINED (__AltSPI1Interrupt)?ABSOLUTE (__AltSPI1Interrupt):DEFINED (__SPI1Interrupt)?ABSOLUTE (__SPI1Interrupt):ABSOLUTE (__DefaultInterrupt)
                  0x004128          0x4 LONG 0x42d2 DEFINED (__AltSPI1TXInterrupt)?ABSOLUTE (__AltSPI1TXInterrupt):DEFINED (__SPI1TXInterrupt)?ABSOLUTE (__SPI1TXInterrupt):ABSOLUTE (__DefaultInterrupt)
                  0x00412a          0x4 LONG 0x42d2 DEFINED (__AltU1RXInterrupt)?ABSOLUTE (__AltU1RXInterrupt):DEFINED (__U1RXInterrupt)?ABSOLUTE (__U1RXInterrupt):ABSOLUTE (__DefaultInterrupt)
                  0x00412c          0x4 LONG 0x42d2 DEFINED (__AltU1TXInterrupt)?ABSOLUTE (__AltU1TXInterrupt):DEFINED (__U1TXInterrupt)?ABSOLUTE (__U1TXInterrupt):ABSOLUTE (__DefaultInterrupt)
                  0x00412e          0x4 LONG 0x42d2 DEFINED (__AltADC1Interrupt)?ABSOLUTE (__AltADC1Interrupt):DEFINED (__ADC1Interrupt)?ABSOLUTE (__ADC1Interrupt):ABSOLUTE (__DefaultInterrupt)
                  0x004130          0x4 LONG 0x42d2 DEFINED (__AltDMA1Interrupt)?ABSOLUTE (__AltDMA1Interrupt):DEFINED (__DMA1Interrupt)?ABSOLUTE (__DMA1Interrupt):ABSOLUTE (__DefaultInterrupt)
                  0x004132          0x4 LONG 0x42d2 DEFINED (__AltInterrupt15)?ABSOLUTE (__AltInterrupt15):DEFINED (__Interrupt15)?ABSOLUTE (__Interrupt15):ABSOLUTE (__DefaultInterrupt)
                  0x004134          0x4 LONG 0x42d2 DEFINED (__AltSI2C1Interrupt)?ABSOLUTE (__AltSI2C1Interrupt):DEFINED (__SI2C1Interrupt)?ABSOLUTE (__SI2C1Interrupt):ABSOLUTE (__DefaultInterrupt)
                  0x004136          0x4 LONG 0x42d2 DEFINED (__AltMI2C1Interrupt)?ABSOLUTE (__AltMI2C1Interrupt):DEFINED (__MI2C1Interrupt)?ABSOLUTE (__MI2C1Interrupt):ABSOLUTE (__DefaultInterrupt)
                  0x004138          0x4 LONG 0x42d2 DEFINED (__AltCompInterrupt)?ABSOLUTE (__AltCompInterrupt):DEFINED (__CompInterrupt)?ABSOLUTE (__CompInterrupt):ABSOLUTE (__DefaultInterrupt)
                  0x00413a          0x4 LONG 0x42d2 DEFINED (__AltCNInterrupt)?ABSOLUTE (__AltCNInterrupt):DEFINED (__CNInterrupt)?ABSOLUTE (__CNInterrupt):ABSOLUTE (__DefaultInterrupt)
                  0x00413c          0x4 LONG 0x42d2 DEFINED (__AltINT1Interrupt)?ABSOLUTE (__AltINT1Interrupt):DEFINED (__INT1Interrupt)?ABSOLUTE (__INT1Interrupt):ABSOLUTE (__DefaultInterrupt)
                  0x00413e          0x4 LONG 0x42d2 DEFINED (__AltInterrupt21)?ABSOLUTE (__AltInterrupt21):DEFINED (__Interrupt21)?ABSOLUTE (__Interrupt21):ABSOLUTE (__DefaultInterrupt)
                  0x004140          0x4 LONG 0x42d2 DEFINED (__AltInterrupt22)?ABSOLUTE (__AltInterrupt22):DEFINED (__Interrupt22)?ABSOLUTE (__Interrupt22):ABSOLUTE (__DefaultInterrupt)
                  0x004142          0x4 LONG 0x42d2 DEFINED (__AltInterrupt23)?ABSOLUTE (__AltInterrupt23):DEFINED (__Interrupt23)?ABSOLUTE (__Interrupt23):ABSOLUTE (__DefaultInterrupt)
                  0x004144          0x4 LONG 0x42d2 DEFINED (__AltDMA2Interrupt)?ABSOLUTE (__AltDMA2Interrupt):DEFINED (__DMA2Interrupt)?ABSOLUTE (__DMA2Interrupt):ABSOLUTE (__DefaultInterrupt)
                  0x004146          0x4 LONG 0x42d2 DEFINED (__AltOC3Interrupt)?ABSOLUTE (__AltOC3Interrupt):DEFINED (__OC3Interrupt)?ABSOLUTE (__OC3Interrupt):ABSOLUTE (__DefaultInterrupt)
                  0x004148          0x4 LONG 0x42d2 DEFINED (__AltOC4Interrupt)?ABSOLUTE (__AltOC4Interrupt):DEFINED (__OC4Interrupt)?ABSOLUTE (__OC4Interrupt):ABSOLUTE (__DefaultInterrupt)
                  0x00414a          0x4 LONG 0x42d2 DEFINED (__AltT4Interrupt)?ABSOLUTE (__AltT4Interrupt):DEFINED (__T4Interrupt)?ABSOLUTE (__T4Interrupt):ABSOLUTE (__DefaultInterrupt)
                  0x00414c          0x4 LONG 0x42d2 DEFINED (__AltT5Interrupt)?ABSOLUTE (__AltT5Interrupt):DEFINED (__T5Interrupt)?ABSOLUTE (__T5Interrupt):ABSOLUTE (__DefaultInterrupt)
                  0x00414e          0x4 LONG 0x42d2 DEFINED (__AltINT2Interrupt)?ABSOLUTE (__AltINT2Interrupt):DEFINED (__INT2Interrupt)?ABSOLUTE (__INT2Interrupt):ABSOLUTE (__DefaultInterrupt)
                  0x004150          0x4 LONG 0x42d2 DEFINED (__AltU2RXInterrupt)?ABSOLUTE (__AltU2RXInterrupt):DEFINED (__U2RXInterrupt)?ABSOLUTE (__U2RXInterrupt):ABSOLUTE (__DefaultInterrupt)
                  0x004152          0x4 LONG 0x42d2 DEFINED (__AltU2TXInterrupt)?ABSOLUTE (__AltU2TXInterrupt):DEFINED (__U2TXInterrupt)?ABSOLUTE (__U2TXInterrupt):ABSOLUTE (__DefaultInterrupt)
                  0x004154          0x4 LONG 0x42d2 DEFINED (__AltSPI2Interrupt)?ABSOLUTE (__AltSPI2Interrupt):DEFINED (__SPI2Interrupt)?ABSOLUTE (__SPI2Interrupt):ABSOLUTE (__DefaultInterrupt)
                  0x004156          0x4 LONG 0x42d2 DEFINED (__AltSPI2TXInterrupt)?ABSOLUTE (__AltSPI2TXInterrupt):DEFINED (__SPI2TXInterrupt)?ABSOLUTE (__SPI2TXInterrupt):ABSOLUTE (__DefaultInterrupt)
                  0x004158          0x4 LONG 0x42d2 DEFINED (__AltInterrupt34)?ABSOLUTE (__AltInterrupt34):DEFINED (__Interrupt34)?ABSOLUTE (__Interrupt34):ABSOLUTE (__DefaultInterrupt)
                  0x00415a          0x4 LONG 0x42d2 DEFINED (__AltInterrupt35)?ABSOLUTE (__AltInterrupt35):DEFINED (__Interrupt35)?ABSOLUTE (__Interrupt35):ABSOLUTE (__DefaultInterrupt)
                  0x00415c          0x4 LONG 0x42d2 DEFINED (__AltDMA3Interrupt)?ABSOLUTE (__AltDMA3Interrupt):DEFINED (__DMA3Interrupt)?ABSOLUTE (__DMA3Interrupt):ABSOLUTE (__DefaultInterrupt)
                  0x00415e          0x4 LONG 0x42d2 DEFINED (__AltIC3Interrupt)?ABSOLUTE (__AltIC3Interrupt):DEFINED (__IC3Interrupt)?ABSOLUTE (__IC3Interrupt):ABSOLUTE (__DefaultInterrupt)
                  0x004160          0x4 LONG 0x42d2 DEFINED (__AltIC4Interrupt)?ABSOLUTE (__AltIC4Interrupt):DEFINED (__IC4Interrupt)?ABSOLUTE (__IC4Interrupt):ABSOLUTE (__DefaultInterrupt)
                  0x004162          0x4 LONG 0x42d2 DEFINED (__AltIC5Interrupt)?ABSOLUTE (__AltIC5Interrupt):DEFINED (__IC5Interrupt)?ABSOLUTE (__IC5Interrupt):ABSOLUTE (__DefaultInterrupt)
                  0x004164          0x4 LONG 0x42d2 DEFINED (__AltIC6Interrupt)?ABSOLUTE (__AltIC6Interrupt):DEFINED (__IC6Interrupt)?ABSOLUTE (__IC6Interrupt):ABSOLUTE (__DefaultInterrupt)
                  0x004166          0x4 LONG 0x42d2 DEFINED (__AltOC5Interrupt)?ABSOLUTE (__AltOC5Interrupt):DEFINED (__OC5Interrupt)?ABSOLUTE (__OC5Interrupt):ABSOLUTE (__DefaultInterrupt)
                  0x004168          0x4 LONG 0x42d2 DEFINED (__AltOC6Interrupt)?ABSOLUTE (__AltOC6Interrupt):DEFINED (__OC6Interrupt)?ABSOLUTE (__OC6Interrupt):ABSOLUTE (__DefaultInterrupt)
                  0x00416a          0x4 LONG 0x42d2 DEFINED (__AltInterrupt43)?ABSOLUTE (__AltInterrupt43):DEFINED (__Interrupt43)?ABSOLUTE (__Interrupt43):ABSOLUTE (__DefaultInterrupt)
                  0x00416c          0x4 LONG 0x42d2 DEFINED (__AltInterrupt44)?ABSOLUTE (__AltInterrupt44):DEFINED (__Interrupt44)?ABSOLUTE (__Interrupt44):ABSOLUTE (__DefaultInterrupt)
                  0x00416e          0x4 LONG 0x42d2 DEFINED (__AltPMPInterrupt)?ABSOLUTE (__AltPMPInterrupt):DEFINED (__PMPInterrupt)?ABSOLUTE (__PMPInterrupt):ABSOLUTE (__DefaultInterrupt)
                  0x004170          0x4 LONG 0x42d2 DEFINED (__AltDMA4Interrupt)?ABSOLUTE (__AltDMA4Interrupt):DEFINED (__DMA4Interrupt)?ABSOLUTE (__DMA4Interrupt):ABSOLUTE (__DefaultInterrupt)
                  0x004172          0x4 LONG 0x42d2 DEFINED (__AltInterrupt47)?ABSOLUTE (__AltInterrupt47):DEFINED (__Interrupt47)?ABSOLUTE (__Interrupt47):ABSOLUTE (__DefaultInterrupt)
                  0x004174          0x4 LONG 0x42d2 DEFINED (__AltInterrupt48)?ABSOLUTE (__AltInterrupt48):DEFINED (__Interrupt48)?ABSOLUTE (__Interrupt48):ABSOLUTE (__DefaultInterrupt)
                  0x004176          0x4 LONG 0x42d2 DEFINED (__AltSI2C2Interrupt)?ABSOLUTE (__AltSI2C2Interrupt):DEFINED (__SI2C2Interrupt)?ABSOLUTE (__SI2C2Interrupt):ABSOLUTE (__DefaultInterrupt)
                  0x004178          0x4 LONG 0x42d2 DEFINED (__AltMI2C2Interrupt)?ABSOLUTE (__AltMI2C2Interrupt):DEFINED (__MI2C2Interrupt)?ABSOLUTE (__MI2C2Interrupt):ABSOLUTE (__DefaultInterrupt)
                  0x00417a          0x4 LONG 0x42d2 DEFINED (__AltInterrupt51)?ABSOLUTE (__AltInterrupt51):DEFINED (__Interrupt51)?ABSOLUTE (__Interrupt51):ABSOLUTE (__DefaultInterrupt)
                  0x00417c          0x4 LONG 0x42d2 DEFINED (__AltInterrupt52)?ABSOLUTE (__AltInterrupt52):DEFINED (__Interrupt52)?ABSOLUTE (__Interrupt52):ABSOLUTE (__DefaultInterrupt)
                  0x00417e          0x4 LONG 0x42d2 DEFINED (__AltINT3Interrupt)?ABSOLUTE (__AltINT3Interrupt):DEFINED (__INT3Interrupt)?ABSOLUTE (__INT3Interrupt):ABSOLUTE (__DefaultInterrupt)
                  0x004180          0x4 LONG 0x42d2 DEFINED (__AltINT4Interrupt)?ABSOLUTE (__AltINT4Interrupt):DEFINED (__INT4Interrupt)?ABSOLUTE (__INT4Interrupt):ABSOLUTE (__DefaultInterrupt)
                  0x004182          0x4 LONG 0x42d2 DEFINED (__AltCRYPTOInterrupt)?ABSOLUTE (__AltCRYPTOInterrupt):DEFINED (__CRYPTOInterrupt)?ABSOLUTE (__CRYPTOInterrupt):ABSOLUTE (__DefaultInterrupt)
                  0x004184          0x4 LONG 0x42d2 DEFINED (__AltCRYPTOKeyInterrupt)?ABSOLUTE (__AltCRYPTOKeyInterrupt):DEFINED (__CRYPTOKeyInterrupt)?ABSOLUTE (__CRYPTOKeyInterrupt):ABSOLUTE (__DefaultInterrupt)
                  0x004186          0x4 LONG 0x42d2 DEFINED (__AltInterrupt57)?ABSOLUTE (__AltInterrupt57):DEFINED (__Interrupt57)?ABSOLUTE (__Interrupt57):ABSOLUTE (__DefaultInterrupt)
                  0x004188          0x4 LONG 0x42d2 DEFINED (__AltSPI1RXInterrupt)?ABSOLUTE (__AltSPI1RXInterrupt):DEFINED (__SPI1RXInterrupt)?ABSOLUTE (__SPI1RXInterrupt):ABSOLUTE (__DefaultInterrupt)
                  0x00418a          0x4 LONG 0x42d2 DEFINED (__AltSPI2RXInterrupt)?ABSOLUTE (__AltSPI2RXInterrupt):DEFINED (__SPI2RXInterrupt)?ABSOLUTE (__SPI2RXInterrupt):ABSOLUTE (__DefaultInterrupt)
                  0x00418c          0x4 LONG 0x42d2 DEFINED (__AltSPI3RXInterrupt)?ABSOLUTE (__AltSPI3RXInterrupt):DEFINED (__SPI3RXInterrupt)?ABSOLUTE (__SPI3RXInterrupt):ABSOLUTE (__DefaultInterrupt)
                  0x00418e          0x4 LONG 0x42d2 DEFINED (__AltDMA5Interrupt)?ABSOLUTE (__AltDMA5Interrupt):DEFINED (__DMA5Interrupt)?ABSOLUTE (__DMA5Interrupt):ABSOLUTE (__DefaultInterrupt)
                  0x004190          0x4 LONG 0x42d2 DEFINED (__AltRTCCInterrupt)?ABSOLUTE (__AltRTCCInterrupt):DEFINED (__RTCCInterrupt)?ABSOLUTE (__RTCCInterrupt):ABSOLUTE (__DefaultInterrupt)
                  0x004192          0x4 LONG 0x42d2 DEFINED (__AltInterrupt63)?ABSOLUTE (__AltInterrupt63):DEFINED (__Interrupt63)?ABSOLUTE (__Interrupt63):ABSOLUTE (__DefaultInterrupt)
                  0x004194          0x4 LONG 0x42d2 DEFINED (__AltInterrupt64)?ABSOLUTE (__AltInterrupt64):DEFINED (__Interrupt64)?ABSOLUTE (__Interrupt64):ABSOLUTE (__DefaultInterrupt)
                  0x004196          0x4 LONG 0x42d2 DEFINED (__AltU1ErrInterrupt)?ABSOLUTE (__AltU1ErrInterrupt):DEFINED (__U1ErrInterrupt)?ABSOLUTE (__U1ErrInterrupt):ABSOLUTE (__DefaultInterrupt)
                  0x004198          0x4 LONG 0x42d2 DEFINED (__AltU2ErrInterrupt)?ABSOLUTE (__AltU2ErrInterrupt):DEFINED (__U2ErrInterrupt)?ABSOLUTE (__U2ErrInterrupt):ABSOLUTE (__DefaultInterrupt)
                  0x00419a          0x4 LONG 0x42d2 DEFINED (__AltCRCInterrupt)?ABSOLUTE (__AltCRCInterrupt):DEFINED (__CRCInterrupt)?ABSOLUTE (__CRCInterrupt):ABSOLUTE (__DefaultInterrupt)
                  0x00419c          0x4 LONG 0x42d2 DEFINED (__AltInterrupt68)?ABSOLUTE (__AltInterrupt68):DEFINED (__Interrupt68)?ABSOLUTE (__Interrupt68):ABSOLUTE (__DefaultInterrupt)
                  0x00419e          0x4 LONG 0x42d2 DEFINED (__AltInterrupt69)?ABSOLUTE (__AltInterrupt69):DEFINED (__Interrupt69)?ABSOLUTE (__Interrupt69):ABSOLUTE (__DefaultInterrupt)
                  0x0041a0          0x4 LONG 0x42d2 DEFINED (__AltInterrupt70)?ABSOLUTE (__AltInterrupt70):DEFINED (__Interrupt70)?ABSOLUTE (__Interrupt70):ABSOLUTE (__DefaultInterrupt)
                  0x0041a2          0x4 LONG 0x42d2 DEFINED (__AltInterrupt71)?ABSOLUTE (__AltInterrupt71):DEFINED (__Interrupt71)?ABSOLUTE (__Interrupt71):ABSOLUTE (__DefaultInterrupt)
                  0x0041a4          0x4 LONG 0x42d2 DEFINED (__AltLVDInterrupt)?ABSOLUTE (__AltLVDInterrupt):DEFINED (__LVDInterrupt)?ABSOLUTE (__LVDInterrupt):ABSOLUTE (__DefaultInterrupt)
                  0x0041a6          0x4 LONG 0x42d2 DEFINED (__AltInterrupt73)?ABSOLUTE (__AltInterrupt73):DEFINED (__Interrupt73)?ABSOLUTE (__Interrupt73):ABSOLUTE (__DefaultInterrupt)
                  0x0041a8          0x4 LONG 0x42d2 DEFINED (__AltInterrupt74)?ABSOLUTE (__AltInterrupt74):DEFINED (__Interrupt74)?ABSOLUTE (__Interrupt74):ABSOLUTE (__DefaultInterrupt)
                  0x0041aa          0x4 LONG 0x42d2 DEFINED (__AltInterrupt75)?ABSOLUTE (__AltInterrupt75):DEFINED (__Interrupt75)?ABSOLUTE (__Interrupt75):ABSOLUTE (__DefaultInterrupt)
                  0x0041ac          0x4 LONG 0x42d2 DEFINED (__AltInterrupt76)?ABSOLUTE (__AltInterrupt76):DEFINED (__Interrupt76)?ABSOLUTE (__Interrupt76):ABSOLUTE (__DefaultInterrupt)
                  0x0041ae          0x4 LONG 0x42d2 DEFINED (__AltCTMUInterrupt)?ABSOLUTE (__AltCTMUInterrupt):DEFINED (__CTMUInterrupt)?ABSOLUTE (__CTMUInterrupt):ABSOLUTE (__DefaultInterrupt)
                  0x0041b0          0x4 LONG 0x42d2 DEFINED (__AltInterrupt78)?ABSOLUTE (__AltInterrupt78):DEFINED (__Interrupt78)?ABSOLUTE (__Interrupt78):ABSOLUTE (__DefaultInterrupt)
                  0x0041b2          0x4 LONG 0x42d2 DEFINED (__AltInterrupt79)?ABSOLUTE (__AltInterrupt79):DEFINED (__Interrupt79)?ABSOLUTE (__Interrupt79):ABSOLUTE (__DefaultInterrupt)
                  0x0041b4          0x4 LONG 0x42d2 DEFINED (__AltInterrupt80)?ABSOLUTE (__AltInterrupt80):DEFINED (__Interrupt80)?ABSOLUTE (__Interrupt80):ABSOLUTE (__DefaultInterrupt)
                  0x0041b6          0x4 LONG 0x42d2 DEFINED (__AltU3ErrInterrupt)?ABSOLUTE (__AltU3ErrInterrupt):DEFINED (__U3ErrInterrupt)?ABSOLUTE (__U3ErrInterrupt):ABSOLUTE (__DefaultInterrupt)
                  0x0041b8          0x4 LONG 0x42d2 DEFINED (__AltU3RXInterrupt)?ABSOLUTE (__AltU3RXInterrupt):DEFINED (__U3RXInterrupt)?ABSOLUTE (__U3RXInterrupt):ABSOLUTE (__DefaultInterrupt)
                  0x0041ba          0x4 LONG 0x42d2 DEFINED (__AltU3TXInterrupt)?ABSOLUTE (__AltU3TXInterrupt):DEFINED (__U3TXInterrupt)?ABSOLUTE (__U3TXInterrupt):ABSOLUTE (__DefaultInterrupt)
                  0x0041bc          0x4 LONG 0x42d2 DEFINED (__AltI2C1BCLInterrupt)?ABSOLUTE (__AltI2C1BCLInterrupt):DEFINED (__I2C1BCLInterrupt)?ABSOLUTE (__I2C1BCLInterrupt):ABSOLUTE (__DefaultInterrupt)
                  0x0041be          0x4 LONG 0x42d2 DEFINED (__AltI2C2BCLInterrupt)?ABSOLUTE (__AltI2C2BCLInterrupt):DEFINED (__I2C2BCLInterrupt)?ABSOLUTE (__I2C2BCLInterrupt):ABSOLUTE (__DefaultInterrupt)
                  0x0041c0          0x4 LONG 0x42d2 DEFINED (__AltUSB1Interrupt)?ABSOLUTE (__AltUSB1Interrupt):DEFINED (__USB1Interrupt)?ABSOLUTE (__USB1Interrupt):ABSOLUTE (__DefaultInterrupt)
                  0x0041c2          0x4 LONG 0x42d2 DEFINED (__AltU4ErrInterrupt)?ABSOLUTE (__AltU4ErrInterrupt):DEFINED (__U4ErrInterrupt)?ABSOLUTE (__U4ErrInterrupt):ABSOLUTE (__DefaultInterrupt)
                  0x0041c4          0x4 LONG 0x42d2 DEFINED (__AltU4RXInterrupt)?ABSOLUTE (__AltU4RXInterrupt):DEFINED (__U4RXInterrupt)?ABSOLUTE (__U4RXInterrupt):ABSOLUTE (__DefaultInterrupt)
                  0x0041c6          0x4 LONG 0x42d2 DEFINED (__AltU4TXInterrupt)?ABSOLUTE (__AltU4TXInterrupt):DEFINED (__U4TXInterrupt)?ABSOLUTE (__U4TXInterrupt):ABSOLUTE (__DefaultInterrupt)
                  0x0041c8          0x4 LONG 0x42d2 DEFINED (__AltSPI3Interrupt)?ABSOLUTE (__AltSPI3Interrupt):DEFINED (__SPI3Interrupt)?ABSOLUTE (__SPI3Interrupt):ABSOLUTE (__DefaultInterrupt)
                  0x0041ca          0x4 LONG 0x42d2 DEFINED (__AltSPI3TXInterrupt)?ABSOLUTE (__AltSPI3TXInterrupt):DEFINED (__SPI3TXInterrupt)?ABSOLUTE (__SPI3TXInterrupt):ABSOLUTE (__DefaultInterrupt)
                  0x0041cc          0x4 LONG 0x42d2 DEFINED (__AltInterrupt92)?ABSOLUTE (__AltInterrupt92):DEFINED (__Interrupt92)?ABSOLUTE (__Interrupt92):ABSOLUTE (__DefaultInterrupt)
                  0x0041ce          0x4 LONG 0x42d2 DEFINED (__AltInterrupt93)?ABSOLUTE (__AltInterrupt93):DEFINED (__Interrupt93)?ABSOLUTE (__Interrupt93):ABSOLUTE (__DefaultInterrupt)
                  0x0041d0          0x4 LONG 0x42d2 DEFINED (__AltInterrupt94)?ABSOLUTE (__AltInterrupt94):DEFINED (__Interrupt94)?ABSOLUTE (__Interrupt94):ABSOLUTE (__DefaultInterrupt)
                  0x0041d2          0x4 LONG 0x42d2 DEFINED (__AltInterrupt95)?ABSOLUTE (__AltInterrupt95):DEFINED (__Interrupt95)?ABSOLUTE (__Interrupt95):ABSOLUTE (__DefaultInterrupt)
                  0x0041d4          0x4 LONG 0x42d2 DEFINED (__AltInterrupt96)?ABSOLUTE (__AltInterrupt96):DEFINED (__Interrupt96)?ABSOLUTE (__Interrupt96):ABSOLUTE (__DefaultInterrupt)
                  0x0041d6          0x4 LONG 0x42d2 DEFINED (__AltInterrupt97)?ABSOLUTE (__AltInterrupt97):DEFINED (__Interrupt97)?ABSOLUTE (__Interrupt97):ABSOLUTE (__DefaultInterrupt)
                  0x0041d8          0x4 LONG 0x42d2 DEFINED (__AltInterrupt98)?ABSOLUTE (__AltInterrupt98):DEFINED (__Interrupt98)?ABSOLUTE (__Interrupt98):ABSOLUTE (__DefaultInterrupt)
                  0x0041da          0x4 LONG 0x42d2 DEFINED (__AltInterrupt99)?ABSOLUTE (__AltInterrupt99):DEFINED (__Interrupt99)?ABSOLUTE (__Interrupt99):ABSOLUTE (__DefaultInterrupt)
                  0x0041dc          0x4 LONG 0x42d2 DEFINED (__AltInterrupt100)?ABSOLUTE (__AltInterrupt100):DEFINED (__Interrupt100)?ABSOLUTE (__Interrupt100):ABSOLUTE (__DefaultInterrupt)
                  0x0041de          0x4 LONG 0x42d2 DEFINED (__AltInterrupt101)?ABSOLUTE (__AltInterrupt101):DEFINED (__Interrupt101)?ABSOLUTE (__Interrupt101):ABSOLUTE (__DefaultInterrupt)
                  0x0041e0          0x4 LONG 0x42d2 DEFINED (__AltInterrupt102)?ABSOLUTE (__AltInterrupt102):DEFINED (__Interrupt102)?ABSOLUTE (__Interrupt102):ABSOLUTE (__DefaultInterrupt)
                  0x0041e2          0x4 LONG 0x42d2 DEFINED (__AltInterrupt103)?ABSOLUTE (__AltInterrupt103):DEFINED (__Interrupt103)?ABSOLUTE (__Interrupt103):ABSOLUTE (__DefaultInterrupt)
                  0x0041e4          0x4 LONG 0x42d2 DEFINED (__AltInterrupt104)?ABSOLUTE (__AltInterrupt104):DEFINED (__Interrupt104)?ABSOLUTE (__Interrupt104):ABSOLUTE (__DefaultInterrupt)
                  0x0041e6          0x4 LONG 0x42d2 DEFINED (__AltInterrupt105)?ABSOLUTE (__AltInterrupt105):DEFINED (__Interrupt105)?ABSOLUTE (__Interrupt105):ABSOLUTE (__DefaultInterrupt)
                  0x0041e8          0x4 LONG 0x42d2 DEFINED (__AltFSTInterrupt)?ABSOLUTE (__AltFSTInterrupt):DEFINED (__FSTInterrupt)?ABSOLUTE (__FSTInterrupt):ABSOLUTE (__DefaultInterrupt)
                  0x0041ea          0x4 LONG 0x42d2 DEFINED (__AltInterrupt107)?ABSOLUTE (__AltInterrupt107):DEFINED (__Interrupt107)?ABSOLUTE (__Interrupt107):ABSOLUTE (__DefaultInterrupt)
                  0x0041ec          0x4 LONG 0x42d2 DEFINED (__AltInterrupt108)?ABSOLUTE (__AltInterrupt108):DEFINED (__Interrupt108)?ABSOLUTE (__Interrupt108):ABSOLUTE (__DefaultInterrupt)
                  0x0041ee          0x4 LONG 0x42d2 DEFINED (__AltInterrupt109)?ABSOLUTE (__AltInterrupt109):DEFINED (__Interrupt109)?ABSOLUTE (__Interrupt109):ABSOLUTE (__DefaultInterrupt)
                  0x0041f0          0x4 LONG 0x42d2 DEFINED (__AltInterrupt110)?ABSOLUTE (__AltInterrupt110):DEFINED (__Interrupt110)?ABSOLUTE (__Interrupt110):ABSOLUTE (__DefaultInterrupt)
                  0x0041f2          0x4 LONG 0x42d2 DEFINED (__AltInterrupt111)?ABSOLUTE (__AltInterrupt111):DEFINED (__Interrupt111)?ABSOLUTE (__Interrupt111):ABSOLUTE (__DefaultInterrupt)
                  0x0041f4          0x4 LONG 0x42d2 DEFINED (__AltInterrupt112)?ABSOLUTE (__AltInterrupt112):DEFINED (__Interrupt112)?ABSOLUTE (__Interrupt112):ABSOLUTE (__DefaultInterrupt)
                  0x0041f6          0x4 LONG 0x42d2 DEFINED (__AltInterrupt113)?ABSOLUTE (__AltInterrupt113):DEFINED (__Interrupt113)?ABSOLUTE (__Interrupt113):ABSOLUTE (__DefaultInterrupt)
                  0x0041f8          0x4 LONG 0x42d2 DEFINED (__AltInterrupt114)?ABSOLUTE (__AltInterrupt114):DEFINED (__Interrupt114)?ABSOLUTE (__Interrupt114):ABSOLUTE (__DefaultInterrupt)
                  0x0041fa          0x4 LONG 0x42d2 DEFINED (__AltInterrupt115)?ABSOLUTE (__AltInterrupt115):DEFINED (__Interrupt115)?ABSOLUTE (__Interrupt115):ABSOLUTE (__DefaultInterrupt)
                  0x0041fc          0x4 LONG 0x42d2 DEFINED (__AltInterrupt116)?ABSOLUTE (__AltInterrupt116):DEFINED (__Interrupt116)?ABSOLUTE (__Interrupt116):ABSOLUTE (__DefaultInterrupt)
                  0x0041fe          0x4 LONG 0x42d2 DEFINED (__AltJTAGInterrupt)?ABSOLUTE (__AltJTAGInterrupt):DEFINED (__JTAGInterrupt)?ABSOLUTE (__JTAGInterrupt):ABSOLUTE (__DefaultInterrupt)
                    0x0000                  WREG0 = 0x0
                    0x0000                  _WREG0 = 0x0
                    0x0002                  WREG1 = 0x2
                    0x0002                  _WREG1 = 0x2
                    0x0004                  WREG2 = 0x4
                    0x0004                  _WREG2 = 0x4
                    0x0006                  WREG3 = 0x6
                    0x0006                  _WREG3 = 0x6
                    0x0008                  WREG4 = 0x8
                    0x0008                  _WREG4 = 0x8
                    0x000a                  WREG5 = 0xa
                    0x000a                  _WREG5 = 0xa
                    0x000c                  WREG6 = 0xc
                    0x000c                  _WREG6 = 0xc
                    0x000e                  WREG7 = 0xe
                    0x000e                  _WREG7 = 0xe
                    0x0010                  WREG8 = 0x10
                    0x0010                  _WREG8 = 0x10
                    0x0012                  WREG9 = 0x12
                    0x0012                  _WREG9 = 0x12
                    0x0014                  WREG10 = 0x14
                    0x0014                  _WREG10 = 0x14
                    0x0016                  WREG11 = 0x16
                    0x0016                  _WREG11 = 0x16
                    0x0018                  WREG12 = 0x18
                    0x0018                  _WREG12 = 0x18
                    0x001a                  WREG13 = 0x1a
                    0x001a                  _WREG13 = 0x1a
                    0x001c                  WREG14 = 0x1c
                    0x001c                  _WREG14 = 0x1c
                    0x001e                  WREG15 = 0x1e
                    0x001e                  _WREG15 = 0x1e
                    0x0020                  SPLIM = 0x20
                    0x0020                  _SPLIM = 0x20
                    0x002e                  PCL = 0x2e
                    0x002e                  _PCL = 0x2e
                    0x0030                  PCH = 0x30
                    0x0030                  _PCH = 0x30
                    0x0032                  DSRPAG = 0x32
                    0x0032                  _DSRPAG = 0x32
                    0x0032                  _DSRPAGbits = 0x32
                    0x0034                  DSWPAG = 0x34
                    0x0034                  _DSWPAG = 0x34
                    0x0034                  _DSWPAGbits = 0x34
                    0x0036                  RCOUNT = 0x36
                    0x0036                  _RCOUNT = 0x36
                    0x0042                  SR = 0x42
                    0x0042                  _SR = 0x42
                    0x0042                  _SRbits = 0x42
                    0x0044                  CORCON = 0x44
                    0x0044                  _CORCON = 0x44
                    0x0044                  _CORCONbits = 0x44
                    0x0052                  DISICNT = 0x52
                    0x0052                  _DISICNT = 0x52
                    0x0052                  _DISICNTbits = 0x52
                    0x0054                  TBLPAG = 0x54
                    0x0054                  _TBLPAG = 0x54
                    0x0054                  _TBLPAGbits = 0x54
                    0x0056                  CNPD1 = 0x56
                    0x0056                  _CNPD1 = 0x56
                    0x0056                  _CNPD1bits = 0x56
                    0x0058                  CNPD2 = 0x58
                    0x0058                  _CNPD2 = 0x58
                    0x0058                  _CNPD2bits = 0x58
                    0x005a                  CNPD3 = 0x5a
                    0x005a                  _CNPD3 = 0x5a
                    0x0062                  CNEN1 = 0x62
                    0x0062                  _CNEN1 = 0x62
                    0x0062                  _CNEN1bits = 0x62
                    0x0064                  CNEN2 = 0x64
                    0x0064                  _CNEN2 = 0x64
                    0x0064                  _CNEN2bits = 0x64
                    0x0066                  CNEN3 = 0x66
                    0x0066                  _CNEN3 = 0x66
                    0x006e                  CNPU1 = 0x6e
                    0x006e                  _CNPU1 = 0x6e
                    0x006e                  _CNPU1bits = 0x6e
                    0x0070                  CNPU2 = 0x70
                    0x0070                  _CNPU2 = 0x70
                    0x0070                  _CNPU2bits = 0x70
                    0x0072                  CNPU3 = 0x72
                    0x0072                  _CNPU3 = 0x72
                    0x0080                  INTCON1 = 0x80
                    0x0080                  _INTCON1 = 0x80
                    0x0080                  _INTCON1bits = 0x80
                    0x0082                  INTCON2 = 0x82
                    0x0082                  _INTCON2 = 0x82
                    0x0082                  _INTCON2bits = 0x82
                    0x0084                  IFS0 = 0x84
                    0x0084                  _IFS0 = 0x84
                    0x0084                  _IFS0bits = 0x84
                    0x0086                  IFS1 = 0x86
                    0x0086                  _IFS1 = 0x86
                    0x0086                  _IFS1bits = 0x86
                    0x0088                  IFS2 = 0x88
                    0x0088                  _IFS2 = 0x88
                    0x0088                  _IFS2bits = 0x88
                    0x008a                  IFS3 = 0x8a
                    0x008a                  _IFS3 = 0x8a
                    0x008a                  _IFS3bits = 0x8a
                    0x008c                  IFS4 = 0x8c
                    0x008c                  _IFS4 = 0x8c
                    0x008c                  _IFS4bits = 0x8c
                    0x008e                  IFS5 = 0x8e
                    0x008e                  _IFS5 = 0x8e
                    0x008e                  _IFS5bits = 0x8e
                    0x0090                  IFS6 = 0x90
                    0x0090                  _IFS6 = 0x90
                    0x0090                  _IFS6bits = 0x90
                    0x0092                  IFS7 = 0x92
                    0x0092                  _IFS7 = 0x92
                    0x0092                  _IFS7bits = 0x92
                    0x0094                  IEC0 = 0x94
                    0x0094                  _IEC0 = 0x94
                    0x0094                  _IEC0bits = 0x94
                    0x0096                  IEC1 = 0x96
                    0x0096                  _IEC1 = 0x96
                    0x0096                  _IEC1bits = 0x96
                    0x0098                  IEC2 = 0x98
                    0x0098                  _IEC2 = 0x98
                    0x0098                  _IEC2bits = 0x98
                    0x009a                  IEC3 = 0x9a
                    0x009a                  _IEC3 = 0x9a
                    0x009a                  _IEC3bits = 0x9a
                    0x009c                  IEC4 = 0x9c
                    0x009c                  _IEC4 = 0x9c
                    0x009c                  _IEC4bits = 0x9c
                    0x009e                  IEC5 = 0x9e
                    0x009e                  _IEC5 = 0x9e
                    0x009e                  _IEC5bits = 0x9e
                    0x00a0                  IEC6 = 0xa0
                    0x00a0                  _IEC6 = 0xa0
                    0x00a0                  _IEC6bits = 0xa0
                    0x00a2                  IEC7 = 0xa2
                    0x00a2                  _IEC7 = 0xa2
                    0x00a2                  _IEC7bits = 0xa2
                    0x00a4                  IPC0 = 0xa4
                    0x00a4                  _IPC0 = 0xa4
                    0x00a4                  _IPC0bits = 0xa4
                    0x00a6                  IPC1 = 0xa6
                    0x00a6                  _IPC1 = 0xa6
                    0x00a6                  _IPC1bits = 0xa6
                    0x00a8                  IPC2 = 0xa8
                    0x00a8                  _IPC2 = 0xa8
                    0x00a8                  _IPC2bits = 0xa8
                    0x00aa                  IPC3 = 0xaa
                    0x00aa                  _IPC3 = 0xaa
                    0x00aa                  _IPC3bits = 0xaa
                    0x00ac                  IPC4 = 0xac
                    0x00ac                  _IPC4 = 0xac
                    0x00ac                  _IPC4bits = 0xac
                    0x00ae                  IPC5 = 0xae
                    0x00ae                  _IPC5 = 0xae
                    0x00ae                  _IPC5bits = 0xae
                    0x00b0                  IPC6 = 0xb0
                    0x00b0                  _IPC6 = 0xb0
                    0x00b0                  _IPC6bits = 0xb0
                    0x00b2                  IPC7 = 0xb2
                    0x00b2                  _IPC7 = 0xb2
                    0x00b2                  _IPC7bits = 0xb2
                    0x00b4                  IPC8 = 0xb4
                    0x00b4                  _IPC8 = 0xb4
                    0x00b4                  _IPC8bits = 0xb4
                    0x00b6                  IPC9 = 0xb6
                    0x00b6                  _IPC9 = 0xb6
                    0x00b6                  _IPC9bits = 0xb6
                    0x00b8                  IPC10 = 0xb8
                    0x00b8                  _IPC10 = 0xb8
                    0x00b8                  _IPC10bits = 0xb8
                    0x00ba                  IPC11 = 0xba
                    0x00ba                  _IPC11 = 0xba
                    0x00ba                  _IPC11bits = 0xba
                    0x00bc                  IPC12 = 0xbc
                    0x00bc                  _IPC12 = 0xbc
                    0x00bc                  _IPC12bits = 0xbc
                    0x00be                  IPC13 = 0xbe
                    0x00be                  _IPC13 = 0xbe
                    0x00be                  _IPC13bits = 0xbe
                    0x00c0                  IPC14 = 0xc0
                    0x00c0                  _IPC14 = 0xc0
                    0x00c0                  _IPC14bits = 0xc0
                    0x00c2                  IPC15 = 0xc2
                    0x00c2                  _IPC15 = 0xc2
                    0x00c2                  _IPC15bits = 0xc2
                    0x00c4                  IPC16 = 0xc4
                    0x00c4                  _IPC16 = 0xc4
                    0x00c4                  _IPC16bits = 0xc4
                    0x00c8                  IPC18 = 0xc8
                    0x00c8                  _IPC18 = 0xc8
                    0x00c8                  _IPC18bits = 0xc8
                    0x00ca                  IPC19 = 0xca
                    0x00ca                  _IPC19 = 0xca
                    0x00ca                  _IPC19bits = 0xca
                    0x00cc                  IPC20 = 0xcc
                    0x00cc                  _IPC20 = 0xcc
                    0x00cc                  _IPC20bits = 0xcc
                    0x00ce                  IPC21 = 0xce
                    0x00ce                  _IPC21 = 0xce
                    0x00ce                  _IPC21bits = 0xce
                    0x00d0                  IPC22 = 0xd0
                    0x00d0                  _IPC22 = 0xd0
                    0x00d0                  _IPC22bits = 0xd0
                    0x00d2                  IPC23 = 0xd2
                    0x00d2                  _IPC23 = 0xd2
                    0x00d6                  IPC25 = 0xd6
                    0x00d6                  _IPC25 = 0xd6
                    0x00d8                  IPC26 = 0xd8
                    0x00d8                  _IPC26 = 0xd8
                    0x00d8                  _IPC26bits = 0xd8
                    0x00de                  IPC29 = 0xde
                    0x00de                  _IPC29 = 0xde
                    0x00de                  _IPC29bits = 0xde
                    0x00e0                  INTTREG = 0xe0
                    0x00e0                  _INTTREG = 0xe0
                    0x00e0                  _INTTREGbits = 0xe0
                    0x0100                  OSCCON = 0x100
                    0x0100                  _OSCCON = 0x100
                    0x0100                  _OSCCONbits = 0x100
                    0x0100                  OSCCONL = 0x100
                    0x0100                  _OSCCONL = 0x100
                    0x0101                  OSCCONH = 0x101
                    0x0101                  _OSCCONH = 0x101
                    0x0102                  CLKDIV = 0x102
                    0x0102                  _CLKDIV = 0x102
                    0x0102                  _CLKDIVbits = 0x102
                    0x0106                  OSCTUN = 0x106
                    0x0106                  _OSCTUN = 0x106
                    0x0106                  _OSCTUNbits = 0x106
                    0x0108                  RCON = 0x108
                    0x0108                  _RCON = 0x108
                    0x0108                  _RCONbits = 0x108
                    0x010a                  RCON2 = 0x10a
                    0x010a                  _RCON2 = 0x10a
                    0x010a                  _RCON2bits = 0x10a
                    0x010c                  HLVDCON = 0x10c
                    0x010c                  _HLVDCON = 0x10c
                    0x010c                  _HLVDCONbits = 0x10c
                    0x010e                  DSCON = 0x10e
                    0x010e                  _DSCON = 0x10e
                    0x010e                  _DSCONbits = 0x10e
                    0x0110                  DSWAKE = 0x110
                    0x0110                  _DSWAKE = 0x110
                    0x0110                  _DSWAKEbits = 0x110
                    0x0112                  DSGPR0 = 0x112
                    0x0112                  _DSGPR0 = 0x112
                    0x0114                  DSGPR1 = 0x114
                    0x0114                  _DSGPR1 = 0x114
                    0x011e                  ALRMVAL = 0x11e
                    0x011e                  _ALRMVAL = 0x11e
                    0x0120                  ALCFGRPT = 0x120
                    0x0120                  _ALCFGRPT = 0x120
                    0x0120                  _ALCFGRPTbits = 0x120
                    0x0122                  RTCVAL = 0x122
                    0x0122                  _RTCVAL = 0x122
                    0x0124                  RCFGCAL = 0x124
                    0x0124                  _RCFGCAL = 0x124
                    0x0124                  _RCFGCALbits = 0x124
                    0x0126                  RTCPWC = 0x126
                    0x0126                  _RTCPWC = 0x126
                    0x0126                  _RTCPWCbits = 0x126
                    0x0158                  CRCCON1 = 0x158
                    0x0158                  _CRCCON1 = 0x158
                    0x0158                  _CRCCON1bits = 0x158
                    0x015a                  CRCCON2 = 0x15a
                    0x015a                  _CRCCON2 = 0x15a
                    0x015a                  _CRCCON2bits = 0x15a
                    0x015c                  CRCXORL = 0x15c
                    0x015c                  _CRCXORL = 0x15c
                    0x015c                  _CRCXORLbits = 0x15c
                    0x015e                  CRCXORH = 0x15e
                    0x015e                  _CRCXORH = 0x15e
                    0x015e                  _CRCXORHbits = 0x15e
                    0x0160                  CRCDAT = 0x160
                    0x0160                  _CRCDAT = 0x160
                    0x0160                  CRCDATL = 0x160
                    0x0160                  _CRCDATL = 0x160
                    0x0162                  CRCDATH = 0x162
                    0x0162                  _CRCDATH = 0x162
                    0x0164                  CRCWDAT = 0x164
                    0x0164                  _CRCWDAT = 0x164
                    0x0164                  CRCWDATL = 0x164
                    0x0164                  _CRCWDATL = 0x164
                    0x0166                  CRCWDATH = 0x166
                    0x0166                  _CRCWDATH = 0x166
                    0x0168                  REFOCON1 = 0x168
                    0x0168                  _REFOCON1 = 0x168
                    0x0168                  _REFOCON1bits = 0x168
                    0x0168                  REFOCONL = 0x168
                    0x0168                  _REFOCONL = 0x168
                    0x0168                  _REFOCONLbits = 0x168
                    0x016a                  REFOCON2 = 0x16a
                    0x016a                  _REFOCON2 = 0x16a
                    0x016a                  _REFOCON2bits = 0x16a
                    0x016a                  REFOCONH = 0x16a
                    0x016a                  _REFOCONH = 0x16a
                    0x016a                  _REFOCONHbits = 0x16a
                    0x016c                  REFOTRIML = 0x16c
                    0x016c                  _REFOTRIML = 0x16c
                    0x016c                  _REFOTRIMLbits = 0x16c
                    0x0170                  PMD1 = 0x170
                    0x0170                  _PMD1 = 0x170
                    0x0170                  _PMD1bits = 0x170
                    0x0172                  PMD2 = 0x172
                    0x0172                  _PMD2 = 0x172
                    0x0172                  _PMD2bits = 0x172
                    0x0174                  PMD3 = 0x174
                    0x0174                  _PMD3 = 0x174
                    0x0174                  _PMD3bits = 0x174
                    0x0176                  PMD4 = 0x176
                    0x0176                  _PMD4 = 0x176
                    0x0176                  _PMD4bits = 0x176
                    0x0178                  PMD5 = 0x178
                    0x0178                  _PMD5 = 0x178
                    0x017a                  PMD6 = 0x17a
                    0x017a                  _PMD6 = 0x17a
                    0x017a                  _PMD6bits = 0x17a
                    0x017c                  PMD7 = 0x17c
                    0x017c                  _PMD7 = 0x17c
                    0x017c                  _PMD7bits = 0x17c
                    0x017e                  PMD8 = 0x17e
                    0x017e                  _PMD8 = 0x17e
                    0x017e                  _PMD8bits = 0x17e
                    0x0180                  TRISA = 0x180
                    0x0180                  _TRISA = 0x180
                    0x0180                  _TRISAbits = 0x180
                    0x0182                  PORTA = 0x182
                    0x0182                  _PORTA = 0x182
                    0x0182                  _PORTAbits = 0x182
                    0x0184                  LATA = 0x184
                    0x0184                  _LATA = 0x184
                    0x0184                  _LATAbits = 0x184
                    0x0186                  ODCA = 0x186
                    0x0186                  _ODCA = 0x186
                    0x0186                  _ODCAbits = 0x186
                    0x0188                  ANSA = 0x188
                    0x0188                  _ANSA = 0x188
                    0x0188                  _ANSAbits = 0x188
                    0x018a                  TRISB = 0x18a
                    0x018a                  _TRISB = 0x18a
                    0x018a                  _TRISBbits = 0x18a
                    0x018c                  PORTB = 0x18c
                    0x018c                  _PORTB = 0x18c
                    0x018c                  _PORTBbits = 0x18c
                    0x018e                  LATB = 0x18e
                    0x018e                  _LATB = 0x18e
                    0x018e                  _LATBbits = 0x18e
                    0x0190                  ODCB = 0x190
                    0x0190                  _ODCB = 0x190
                    0x0190                  _ODCBbits = 0x190
                    0x0192                  ANSB = 0x192
                    0x0192                  _ANSB = 0x192
                    0x0192                  _ANSBbits = 0x192
                    0x019e                  ANCFG = 0x19e
                    0x019e                  _ANCFG = 0x19e
                    0x019e                  _ANCFGbits = 0x19e
                    0x01a4                  CRYCON1 = 0x1a4
                    0x01a4                  _CRYCON1 = 0x1a4
                    0x01a4                  _CRYCON1bits = 0x1a4
                    0x01a4                  CRYCONL = 0x1a4
                    0x01a4                  _CRYCONL = 0x1a4
                    0x01a4                  _CRYCONLbits = 0x1a4
                    0x01a6                  CRYCON2 = 0x1a6
                    0x01a6                  _CRYCON2 = 0x1a6
                    0x01a6                  _CRYCON2bits = 0x1a6
                    0x01a6                  CRYCONH = 0x1a6
                    0x01a6                  _CRYCONH = 0x1a6
                    0x01a6                  _CRYCONHbits = 0x1a6
                    0x01a8                  CRYSTAT = 0x1a8
                    0x01a8                  _CRYSTAT = 0x1a8
                    0x01a8                  _CRYSTATbits = 0x1a8
                    0x01ac                  CRYOTP = 0x1ac
                    0x01ac                  _CRYOTP = 0x1ac
                    0x01ac                  _CRYOTPbits = 0x1ac
                    0x01b0                  CRYTXTA = 0x1b0
                    0x01b0                  _CRYTXTA = 0x1b0
                    0x01b0                  CRYTXTA0 = 0x1b0
                    0x01b0                  _CRYTXTA0 = 0x1b0
                    0x01b2                  CRYTXTA1 = 0x1b2
                    0x01b2                  _CRYTXTA1 = 0x1b2
                    0x01b4                  CRYTXTA2 = 0x1b4
                    0x01b4                  _CRYTXTA2 = 0x1b4
                    0x01b6                  CRYTXTA3 = 0x1b6
                    0x01b6                  _CRYTXTA3 = 0x1b6
                    0x01b8                  CRYTXTA4 = 0x1b8
                    0x01b8                  _CRYTXTA4 = 0x1b8
                    0x01ba                  CRYTXTA5 = 0x1ba
                    0x01ba                  _CRYTXTA5 = 0x1ba
                    0x01bc                  CRYTXTA6 = 0x1bc
                    0x01bc                  _CRYTXTA6 = 0x1bc
                    0x01be                  CRYTXTA7 = 0x1be
                    0x01be                  _CRYTXTA7 = 0x1be
                    0x01c0                  CRYKEY = 0x1c0
                    0x01c0                  _CRYKEY = 0x1c0
                    0x01c0                  CRYKEY0 = 0x1c0
                    0x01c0                  _CRYKEY0 = 0x1c0
                    0x01c2                  CRYKEY1 = 0x1c2
                    0x01c2                  _CRYKEY1 = 0x1c2
                    0x01c4                  CRYKEY2 = 0x1c4
                    0x01c4                  _CRYKEY2 = 0x1c4
                    0x01c6                  CRYKEY3 = 0x1c6